Archive member included because of file (symbol)

.\CortexM3\ARM_GCC_484\Debug\Test.a(cyfitter_cfg.o)
                              .\CortexM3\ARM_GCC_484\Debug\Cm3Start.o (cyfitter_cfg)
.\CortexM3\ARM_GCC_484\Debug\Test.a(EN_A_PWM.o)
                              .\CortexM3\ARM_GCC_484\Debug\motordriver.o (EN_A_PWM_WriteCompare)
.\CortexM3\ARM_GCC_484\Debug\Test.a(EN_B_PWM.o)
                              .\CortexM3\ARM_GCC_484\Debug\motordriver.o (EN_B_PWM_WriteCompare)
.\CortexM3\ARM_GCC_484\Debug\Test.a(Motor_A.o)
                              .\CortexM3\ARM_GCC_484\Debug\motordriver.o (Motor_A_Write)
.\CortexM3\ARM_GCC_484\Debug\Test.a(Motor_B.o)
                              .\CortexM3\ARM_GCC_484\Debug\motordriver.o (Motor_B_Write)
.\CortexM3\ARM_GCC_484\Debug\Test.a(CyBootAsmGnu.o)
                              .\CortexM3\ARM_GCC_484\Debug\Test.a(cyfitter_cfg.o) (CyDelayCycles)
.\CortexM3\ARM_GCC_484\Debug\Test.a(CyLib.o)
                              .\CortexM3\ARM_GCC_484\Debug\Cm3Start.o (CyHalt)
.\CortexM3\ARM_GCC_484\Debug\Test.a(cyPm.o)
                              .\CortexM3\ARM_GCC_484\Debug\Test.a(CyLib.o) (CyPmReadStatus)
.\CortexM3\ARM_GCC_484\Debug\Test.a(Servo_B.o)
                              .\CortexM3\ARM_GCC_484\Debug\Servo_Driver.o (Servo_B_WriteCompare1)
.\CortexM3\ARM_GCC_484\Debug\Test.a(Servo_A.o)
                              .\CortexM3\ARM_GCC_484\Debug\Servo_Driver.o (Servo_A_WriteCompare1)
.\CortexM3\ARM_GCC_484\Debug\Test.a(I2C.o)
                              .\CortexM3\ARM_GCC_484\Debug\main.o (I2C_Start)
.\CortexM3\ARM_GCC_484\Debug\Test.a(I2C_INT.o)
                              .\CortexM3\ARM_GCC_484\Debug\Test.a(I2C.o) (I2C_ISR)
.\CortexM3\ARM_GCC_484\Debug\Test.a(I2C_PM.o)
                              .\CortexM3\ARM_GCC_484\Debug\Test.a(I2C.o) (I2C_backup)
.\CortexM3\ARM_GCC_484\Debug\Test.a(I2C_MASTER.o)
                              .\CortexM3\ARM_GCC_484\Debug\HMC5883L.o (I2C_MasterWriteBuf)
.\CortexM3\ARM_GCC_484\Debug\Test.a(UART.o)
                              .\CortexM3\ARM_GCC_484\Debug\main.o (UART_Start)
.\CortexM3\ARM_GCC_484\Debug\Test.a(UART_IntClock.o)
                              .\CortexM3\ARM_GCC_484\Debug\Test.a(UART.o) (UART_IntClock_Start)
.\CortexM3\ARM_GCC_484\Debug\Test.a(CyFlash.o)
                              .\CortexM3\ARM_GCC_484\Debug\Test.a(cyPm.o) (CyFlash_SetWaitCycles)
.\CortexM3\ARM_GCC_484\Debug\Test.a(CySpc.o)
                              .\CortexM3\ARM_GCC_484\Debug\Test.a(CyFlash.o) (CySpcStart)
c:/program files (x86)/cypress/psoc creator/3.2/psoc creator/import/gnu/arm/4.8.4/bin/../lib/gcc/arm-none-eabi/4.8.4/../../../../arm-none-eabi/lib/armv7-m\libg_s.a(lib_a-errno.o)
                              .\CortexM3\ARM_GCC_484\Debug\Cm3Start.o (__errno)
c:/program files (x86)/cypress/psoc creator/3.2/psoc creator/import/gnu/arm/4.8.4/bin/../lib/gcc/arm-none-eabi/4.8.4/../../../../arm-none-eabi/lib/armv7-m\libg_s.a(lib_a-exit.o)
                              c:/program files (x86)/cypress/psoc creator/3.2/psoc creator/import/gnu/arm/4.8.4/bin/../lib/gcc/arm-none-eabi/4.8.4/../../../../arm-none-eabi/lib/armv7-m/crt0.o (exit)
c:/program files (x86)/cypress/psoc creator/3.2/psoc creator/import/gnu/arm/4.8.4/bin/../lib/gcc/arm-none-eabi/4.8.4/../../../../arm-none-eabi/lib/armv7-m\libg_s.a(lib_a-impure.o)
                              c:/program files (x86)/cypress/psoc creator/3.2/psoc creator/import/gnu/arm/4.8.4/bin/../lib/gcc/arm-none-eabi/4.8.4/../../../../arm-none-eabi/lib/armv7-m\libg_s.a(lib_a-exit.o) (_global_impure_ptr)
c:/program files (x86)/cypress/psoc creator/3.2/psoc creator/import/gnu/arm/4.8.4/bin/../lib/gcc/arm-none-eabi/4.8.4/../../../../arm-none-eabi/lib/armv7-m\libg_s.a(lib_a-init.o)
                              c:/program files (x86)/cypress/psoc creator/3.2/psoc creator/import/gnu/arm/4.8.4/bin/../lib/gcc/arm-none-eabi/4.8.4/../../../../arm-none-eabi/lib/armv7-m/crt0.o (__libc_init_array)
c:/program files (x86)/cypress/psoc creator/3.2/psoc creator/import/gnu/arm/4.8.4/bin/../lib/gcc/arm-none-eabi/4.8.4/../../../../arm-none-eabi/lib/armv7-m\libg_s.a(lib_a-memcpy-stub.o)
                              .\CortexM3\ARM_GCC_484\Debug\Test.a(cyfitter_cfg.o) (memcpy)
c:/program files (x86)/cypress/psoc creator/3.2/psoc creator/import/gnu/arm/4.8.4/bin/../lib/gcc/arm-none-eabi/4.8.4/../../../../arm-none-eabi/lib/armv7-m\libg_s.a(lib_a-memset.o)
                              c:/program files (x86)/cypress/psoc creator/3.2/psoc creator/import/gnu/arm/4.8.4/bin/../lib/gcc/arm-none-eabi/4.8.4/../../../../arm-none-eabi/lib/armv7-m/crt0.o (memset)
c:/program files (x86)/cypress/psoc creator/3.2/psoc creator/import/gnu/arm/4.8.4/bin/../lib/gcc/arm-none-eabi/4.8.4/../../../../arm-none-eabi/lib/armv7-m\libg_s.a(lib_a-sprintf.o)
                              .\CortexM3\ARM_GCC_484\Debug\main.o (sprintf)
[...]
Memory Configuration

Name             Origin             Length             Attributes
rom              0x00000000         0x00040000         xr
ram              0x1fff8000         0x00010000         xrw
*default*        0x00000000         0xffffffff

Linker script and memory map

LOAD c:/program files (x86)/cypress/psoc creator/3.2/psoc creator/import/gnu/arm/4.8.4/bin/../lib/gcc/arm-none-eabi/4.8.4/armv7-m/crti.o
LOAD c:/program files (x86)/cypress/psoc creator/3.2/psoc creator/import/gnu/arm/4.8.4/bin/../lib/gcc/arm-none-eabi/4.8.4/armv7-m/crtbegin.o
LOAD c:/program files (x86)/cypress/psoc creator/3.2/psoc creator/import/gnu/arm/4.8.4/bin/../lib/gcc/arm-none-eabi/4.8.4/../../../../arm-none-eabi/lib/armv7-m/crt0.o
START GROUP
LOAD .\CortexM3\ARM_GCC_484\Debug\main.o
LOAD .\CortexM3\ARM_GCC_484\Debug\motordriver.o
LOAD .\CortexM3\ARM_GCC_484\Debug\Servo_Driver.o
LOAD .\CortexM3\ARM_GCC_484\Debug\HMC5883L.o
LOAD .\CortexM3\ARM_GCC_484\Debug\cymetadata.o
LOAD .\CortexM3\ARM_GCC_484\Debug\Cm3Start.o
LOAD .\CortexM3\ARM_GCC_484\Debug\Test.a
LOAD C:\Program Files (x86)\Cypress\PSoC Creator\3.2\PSoC Creator\psoc\content\cycomponentlibrary\CyComponentLibrary.cylib\CortexM3\ARM_GCC_484\Debug\CyComponentLibrary.a
END GROUP
START GROUP
LOAD c:/program files (x86)/cypress/psoc creator/3.2/psoc creator/import/gnu/arm/4.8.4/bin/../lib/gcc/arm-none-eabi/4.8.4/armv7-m\libgcc.a
LOAD c:/program files (x86)/cypress/psoc creator/3.2/psoc creator/import/gnu/arm/4.8.4/bin/../lib/gcc/arm-none-eabi/4.8.4/../../../../arm-none-eabi/lib/armv7-m\libg_s.a
LOAD c:/program files (x86)/cypress/psoc creator/3.2/psoc creator/import/gnu/arm/4.8.4/bin/../lib/gcc/arm-none-eabi/4.8.4/../../../../arm-none-eabi/lib/armv7-m\libc_s.a
END GROUP
START GROUP
LOAD c:/program files (x86)/cypress/psoc creator/3.2/psoc creator/import/gnu/arm/4.8.4/bin/../lib/gcc/arm-none-eabi/4.8.4/armv7-m\libgcc.a
LOAD c:/program files (x86)/cypress/psoc creator/3.2/psoc creator/import/gnu/arm/4.8.4/bin/../lib/gcc/arm-none-eabi/4.8.4/../../../../arm-none-eabi/lib/armv7-m\libc_s.a
END GROUP
LOAD c:/program files (x86)/cypress/psoc creator/3.2/psoc creator/import/gnu/arm/4.8.4/bin/../lib/gcc/arm-none-eabi/4.8.4/armv7-m/crtend.o
LOAD c:/program files (x86)/cypress/psoc creator/3.2/psoc creator/import/gnu/arm/4.8.4/bin/../lib/gcc/arm-none-eabi/4.8.4/armv7-m/crtn.o
START GROUP
LOAD c:/program files (x86)/cypress/psoc creator/3.2/psoc creator/import/gnu/arm/4.8.4/bin/../lib/gcc/arm-none-eabi/4.8.4/armv7-m\libgcc.a
LOAD c:/program files (x86)/cypress/psoc creator/3.2/psoc creator/import/gnu/arm/4.8.4/bin/../lib/gcc/arm-none-eabi/4.8.4/../../../../arm-none-eabi/lib/armv7-m\libc.a
LOAD c:/program files (x86)/cypress/psoc creator/3.2/psoc creator/import/gnu/arm/4.8.4/bin/../lib/gcc/arm-none-eabi/4.8.4/../../../../arm-none-eabi/lib/armv7-m\libnosys.a
END GROUP
                0x00000000                CY_APPL_ORIGIN = 0x0
                0x00000100                CY_FLASH_ROW_SIZE = 0x100
                0x00000020                CY_ECC_ROW_SIZE = 0x20
                0x00000000                CY_EE_IN_BTLDR = 0x0
                0x00000000                CY_APPL_LOADABLE = 0x0
                0x00000800                CY_EE_SIZE = 0x800
                0x00000001                CY_APPL_NUM = 0x1
                0x00000001                CY_APPL_MAX = 0x1
                0x00000040                CY_METADATA_SIZE = 0x40
                0x1fff81b8                PROVIDE (__cy_heap_start, _end)
                0x00000001                PROVIDE (__cy_region_num, ((__cy_regions_end - __cy_regions) / 0x10))
                0x20008000                PROVIDE (__cy_stack, (ORIGIN (ram) + 0x10000))
                0x20007800                PROVIDE (__cy_heap_end, (__cy_stack - 0x800))

.cybootloader   0x00000000        0x0
 *(.cybootloader)
                0x00000000                appl1_start = CY_APPL_ORIGIN?CY_APPL_ORIGIN:ALIGN (CY_FLASH_ROW_SIZE)
                0x0001ff00                appl2_start = (appl1_start + ALIGN ((((0x40000 - appl1_start) - (0x2 * CY_FLASH_ROW_SIZE)) / 0x2), CY_FLASH_ROW_SIZE))
                0x00000000                appl_start = (CY_APPL_NUM == 0x1)?appl1_start:appl2_start
                0x00000000                ecc_offset = ((appl_start / CY_FLASH_ROW_SIZE) * CY_ECC_ROW_SIZE)
                0x00000000                ee_offset = (CY_APPL_LOADABLE && ! (CY_EE_IN_BTLDR))?((CY_EE_SIZE / CY_APPL_MAX) * (CY_APPL_NUM - 0x1)):0x0
                0x00000800                ee_size = (CY_APPL_LOADABLE && ! (CY_EE_IN_BTLDR))?(CY_EE_SIZE / CY_APPL_MAX):CY_EE_SIZE
                0x00000000                PROVIDE (CY_ECC_OFFSET, ecc_offset)

.text           0x00000000     0x1416
 CREATE_OBJECT_SYMBOLS
                0x00000000                PROVIDE (__cy_interrupt_vector, RomVectors)
 *(.romvectors)
 .romvectors    0x00000000       0x10 .\CortexM3\ARM_GCC_484\Debug\Cm3Start.o
                0x00000000                RomVectors
                0x00000001                ASSERT ((. != __cy_interrupt_vector), No interrupt vector)
                0x00000001                ASSERT (CY_APPL_ORIGIN?(SIZEOF (.cybootloader) <= CY_APPL_ORIGIN):0x1, Wrong image location)
                0x00000010                PROVIDE (__cy_reset, Reset)
 *(.text.Reset)
 .text.Reset    0x00000010       0x18 .\CortexM3\ARM_GCC_484\Debug\Cm3Start.o
                0x00000010                Reset
                0x00000001                ASSERT ((. != __cy_reset), No reset code)
 *(.dma_init)
                0x00000001                ASSERT ((((appl_start + .) <= 0x10000) || 0x1), DMA Init must be within the first 64k of flash)
 *(.text .text.* .gnu.linkonce.t.*)
 .text          0x00000028       0x54 c:/program files (x86)/cypress/psoc creator/3.2/psoc creator/import/gnu/arm/4.8.4/bin/../lib/gcc/arm-none-eabi/4.8.4/armv7-m/crtbegin.o
 .text.init     0x0000007c        0xc .\CortexM3\ARM_GCC_484\Debug\main.o
                0x0000007c                init
 .text.i2c_test
                0x00000088       0x38 .\CortexM3\ARM_GCC_484\Debug\main.o
                0x00000088                i2c_test
 .text.main     0x000000c0        0xc .\CortexM3\ARM_GCC_484\Debug\main.o
                0x000000c0                main
 .text.HMC5883L_Config
                0x000000cc       0x54 .\CortexM3\ARM_GCC_484\Debug\HMC5883L.o
                0x000000cc                HMC5883L_Config
 .text.get_HMC5883L_Data
                0x00000120       0x68 .\CortexM3\ARM_GCC_484\Debug\HMC5883L.o
                0x00000120                get_HMC5883L_Data
 .text.IntDefaultHandler
                0x00000188        0x4 .\CortexM3\ARM_GCC_484\Debug\Cm3Start.o
                0x00000188                IntDefaultHandler
 .text._sbrk    0x0000018c       0x30 .\CortexM3\ARM_GCC_484\Debug\Cm3Start.o
                0x0000018c                _sbrk
 .text.Start_c  0x000001bc       0x4c .\CortexM3\ARM_GCC_484\Debug\Cm3Start.o
                0x000001bc                Start_c
 .text.initialize_psoc
                0x00000208       0x70 .\CortexM3\ARM_GCC_484\Debug\Cm3Start.o
                0x00000208                initialize_psoc
 .text.CyClockStartupError
                0x00000278        0x4 .\CortexM3\ARM_GCC_484\Debug\Test.a(cyfitter_cfg.o)
 .text.cfg_write_bytes32
                0x0000027c       0x34 .\CortexM3\ARM_GCC_484\Debug\Test.a(cyfitter_cfg.o)
 .text.AnalogSetDefault
                0x000002b0       0x28 .\CortexM3\ARM_GCC_484\Debug\Test.a(cyfitter_cfg.o)
 .text.CYMEMZERO
                0x000002d8        0xc .\CortexM3\ARM_GCC_484\Debug\Test.a(cyfitter_cfg.o)
 .text.ClockSetup
                0x000002e4       0xd4 .\CortexM3\ARM_GCC_484\Debug\Test.a(cyfitter_cfg.o)
 .text.CYCONFIGCPY
                0x000003b8        0x8 .\CortexM3\ARM_GCC_484\Debug\Test.a(cyfitter_cfg.o)
 .text.cyfitter_cfg
                0x000003c0      0x120 .\CortexM3\ARM_GCC_484\Debug\Test.a(cyfitter_cfg.o)
                0x000003c0                cyfitter_cfg
 .text          0x000004e0       0x28 .\CortexM3\ARM_GCC_484\Debug\Test.a(CyBootAsmGnu.o)
                0x000004e0                CyDelayCycles
                0x000004f4                CyEnterCriticalSection
                0x000004fc                CyExitCriticalSection
 .text.CyHalt   0x00000508        0x4 .\CortexM3\ARM_GCC_484\Debug\Test.a(CyLib.o)
                0x00000508                CyHalt
 .text.CyIntSetVector
                0x0000050c       0x28 .\CortexM3\ARM_GCC_484\Debug\Test.a(CyLib.o)
                0x0000050c                CyIntSetVector
 .text.CyIntSetPriority
                0x00000534       0x30 .\CortexM3\ARM_GCC_484\Debug\Test.a(CyLib.o)
                0x00000534                CyIntSetPriority
 .text.I2C_Init
                0x00000564       0x68 .\CortexM3\ARM_GCC_484\Debug\Test.a(I2C.o)
                0x00000564                I2C_Init
 .text.I2C_Enable
                0x000005cc       0x24 .\CortexM3\ARM_GCC_484\Debug\Test.a(I2C.o)
                0x000005cc                I2C_Enable
 .text.I2C_Start
                0x000005f0       0x28 .\CortexM3\ARM_GCC_484\Debug\Test.a(I2C.o)
                0x000005f0                I2C_Start
 .text.I2C_ISR  0x00000618      0x2c8 .\CortexM3\ARM_GCC_484\Debug\Test.a(I2C_INT.o)
                0x00000618                I2C_ISR
 .text.I2C_MasterWriteBuf
                0x000008e0       0xc8 .\CortexM3\ARM_GCC_484\Debug\Test.a(I2C_MASTER.o)
                0x000008e0                I2C_MasterWriteBuf
 .text.I2C_MasterReadBuf
                0x000009a8       0xcc .\CortexM3\ARM_GCC_484\Debug\Test.a(I2C_MASTER.o)
                0x000009a8                I2C_MasterReadBuf
 .text.I2C_MasterStatus
                0x00000a74       0x38 .\CortexM3\ARM_GCC_484\Debug\Test.a(I2C_MASTER.o)
                0x00000a74                I2C_MasterStatus
 .text.I2C_MasterClearStatus
                0x00000aac       0x24 .\CortexM3\ARM_GCC_484\Debug\Test.a(I2C_MASTER.o)
                0x00000aac                I2C_MasterClearStatus
 .text.UART_Init
                0x00000ad0       0x24 .\CortexM3\ARM_GCC_484\Debug\Test.a(UART.o)
                0x00000ad0                UART_Init
 .text.UART_Enable
                0x00000af4       0x38 .\CortexM3\ARM_GCC_484\Debug\Test.a(UART.o)
                0x00000af4                UART_Enable
 .text.UART_Start
                0x00000b2c       0x1c .\CortexM3\ARM_GCC_484\Debug\Test.a(UART.o)
                0x00000b2c                UART_Start
 .text.UART_PutChar
                0x00000b48       0x18 .\CortexM3\ARM_GCC_484\Debug\Test.a(UART.o)
                0x00000b48                UART_PutChar
 .text.UART_PutArray
                0x00000b60       0x28 .\CortexM3\ARM_GCC_484\Debug\Test.a(UART.o)
                0x00000b60                UART_PutArray
 .text.UART_IntClock_Start
                0x00000b88       0x1c .\CortexM3\ARM_GCC_484\Debug\Test.a(UART_IntClock.o)
                0x00000b88                UART_IntClock_Start
 .text.__errno  0x00000ba4        0xc c:/program files (x86)/cypress/psoc creator/3.2/psoc creator/import/gnu/arm/4.8.4/bin/../lib/gcc/arm-none-eabi/4.8.4/../../../../arm-none-eabi/lib/armv7-m\libg_s.a(lib_a-errno.o)
                0x00000ba4                __errno
 .text.__libc_init_array
                0x00000bb0       0x4c c:/program files (x86)/cypress/psoc creator/3.2/psoc creator/import/gnu/arm/4.8.4/bin/../lib/gcc/arm-none-eabi/4.8.4/../../../../arm-none-eabi/lib/armv7-m\libg_s.a(lib_a-init.o)
                0x00000bb0                __libc_init_array
 .text.memcpy   0x00000bfc       0x12 c:/program files (x86)/cypress/psoc creator/3.2/psoc creator/import/gnu/arm/4.8.4/bin/../lib/gcc/arm-none-eabi/4.8.4/../../../../arm-none-eabi/lib/armv7-m\libg_s.a(lib_a-memcpy-stub.o)
                0x00000bfc                memcpy
 .text.memset   0x00000c0e       0x10 c:/program files (x86)/cypress/psoc creator/3.2/psoc creator/import/gnu/arm/4.8.4/bin/../lib/gcc/arm-none-eabi/4.8.4/../../../../arm-none-eabi/lib/armv7-m\libg_s.a(lib_a-memset.o)
                0x00000c0e                memset
 *fill*         0x00000c1e        0x2 
 .text.sprintf  0x00000c20       0x48 c:/program files (x86)/cypress/psoc creator/3.2/psoc creator/import/gnu/arm/4.8.4/bin/../lib/gcc/arm-none-eabi/4.8.4/../../../../arm-none-eabi/lib/armv7-m\libg_s.a(lib_a-sprintf.o)
                0x00000c20                siprintf
                0x00000c20                sprintf
 .text.__ssputs_r
                0x00000c68       0xb8 c:/program files (x86)/cypress/psoc creator/3.2/psoc creator/import/gnu/arm/4.8.4/bin/../lib/gcc/arm-none-eabi/4.8.4/../../../../arm-none-eabi/lib/armv7-m\libg_s.a(lib_a-svfprintf.o)
                0x00000c68                __ssputs_r
 .text._svfprintf_r
                0x00000d20      0x1d8 c:/program files (x86)/cypress/psoc creator/3.2/psoc creator/import/gnu/arm/4.8.4/bin/../lib/gcc/arm-none-eabi/4.8.4/../../../../arm-none-eabi/lib/armv7-m\libg_s.a(lib_a-svfprintf.o)
                0x00000d20                _svfiprintf_r
                0x00000d20                _svfprintf_r
 .text._printf_common
                0x00000ef8       0xe4 c:/program files (x86)/cypress/psoc creator/3.2/psoc creator/import/gnu/arm/4.8.4/bin/../lib/gcc/arm-none-eabi/4.8.4/../../../../arm-none-eabi/lib/armv7-m\libg_s.a(lib_a-vfprintf_i.o)
                0x00000ef8                _printf_common
 .text._printf_i
                0x00000fdc      0x228 c:/program files (x86)/cypress/psoc creator/3.2/psoc creator/import/gnu/arm/4.8.4/bin/../lib/gcc/arm-none-eabi/4.8.4/../../../../arm-none-eabi/lib/armv7-m\libg_s.a(lib_a-vfprintf_i.o)
                0x00000fdc                _printf_i
 .text.memchr   0x00001204       0x1c c:/program files (x86)/cypress/psoc creator/3.2/psoc creator/import/gnu/arm/4.8.4/bin/../lib/gcc/arm-none-eabi/4.8.4/../../../../arm-none-eabi/lib/armv7-m\libg_s.a(lib_a-memchr-stub.o)
                0x00001204                memchr
 .text.memmove  0x00001220       0x36 c:/program files (x86)/cypress/psoc creator/3.2/psoc creator/import/gnu/arm/4.8.4/bin/../lib/gcc/arm-none-eabi/4.8.4/../../../../arm-none-eabi/lib/armv7-m\libg_s.a(lib_a-memmove.o)
                0x00001220                memmove
 *fill*         0x00001256        0x2 
 .text._free_r  0x00001258       0x88 c:/program files (x86)/cypress/psoc creator/3.2/psoc creator/import/gnu/arm/4.8.4/bin/../lib/gcc/arm-none-eabi/4.8.4/../../../../arm-none-eabi/lib/armv7-m\libg_s.a(lib_a-nano-freer.o)
                0x00001258                _free_r
 .text._malloc_r
                0x000012e0       0xa8 c:/program files (x86)/cypress/psoc creator/3.2/psoc creator/import/gnu/arm/4.8.4/bin/../lib/gcc/arm-none-eabi/4.8.4/../../../../arm-none-eabi/lib/armv7-m\libg_s.a(lib_a-nano-mallocr.o)
                0x000012e0                _malloc_r
 .text._realloc_r
                0x00001388       0x4c c:/program files (x86)/cypress/psoc creator/3.2/psoc creator/import/gnu/arm/4.8.4/bin/../lib/gcc/arm-none-eabi/4.8.4/../../../../arm-none-eabi/lib/armv7-m\libg_s.a(lib_a-nano-reallocr.o)
                0x00001388                _realloc_r
 .text._sbrk_r  0x000013d4       0x20 c:/program files (x86)/cypress/psoc creator/3.2/psoc creator/import/gnu/arm/4.8.4/bin/../lib/gcc/arm-none-eabi/4.8.4/../../../../arm-none-eabi/lib/armv7-m\libg_s.a(lib_a-sbrkr.o)
                0x000013d4                _sbrk_r
 .text.strlen   0x000013f4       0x10 c:/program files (x86)/cypress/psoc creator/3.2/psoc creator/import/gnu/arm/4.8.4/bin/../lib/gcc/arm-none-eabi/4.8.4/../../../../arm-none-eabi/lib/armv7-m\libg_s.a(lib_a-strlen.o)
                0x000013f4                strlen
 .text._malloc_usable_size_r
                0x00001404       0x12 c:/program files (x86)/cypress/psoc creator/3.2/psoc creator/import/gnu/arm/4.8.4/bin/../lib/gcc/arm-none-eabi/4.8.4/../../../../arm-none-eabi/lib/armv7-m\libg_s.a(lib_a-nano-msizer.o)
                0x00001404                _malloc_usable_size_r
 *(.plt)
 *(.gnu.warning)
 *(.glue_7t)
 .glue_7t       0x00000000        0x0 linker stubs
 *(.glue_7)
 .glue_7        0x00000000        0x0 linker stubs
 *(.vfp11_veneer)
 .vfp11_veneer  0x00000000        0x0 linker stubs
 *(.bootloader)
 *(.ARM.extab* .gnu.linkonce.armextab.*)
 *(.gcc_except_table)

.v4_bx          0x00001418        0x0
 .v4_bx         0x00000000        0x0 linker stubs

.iplt           0x00001418        0x0
 .iplt          0x00000000        0x0 c:/program files (x86)/cypress/psoc creator/3.2/psoc creator/import/gnu/arm/4.8.4/bin/../lib/gcc/arm-none-eabi/4.8.4/armv7-m/crtbegin.o

.eh_frame_hdr
 *(.eh_frame_hdr)

.eh_frame       0x00001418        0x4
 *(.eh_frame)
 .eh_frame      0x00001418        0x0 c:/program files (x86)/cypress/psoc creator/3.2/psoc creator/import/gnu/arm/4.8.4/bin/../lib/gcc/arm-none-eabi/4.8.4/armv7-m/crtbegin.o
 .eh_frame      0x00001418        0x4 c:/program files (x86)/cypress/psoc creator/3.2/psoc creator/import/gnu/arm/4.8.4/bin/../lib/gcc/arm-none-eabi/4.8.4/armv7-m/crtend.o
                0x0000141c                PROVIDE (__exidx_start, .)

.ARM.exidx
 *(.ARM.exidx* .gnu.linkonce.armexidx.*)
                0x0000141c                __exidx_end = .

.rodata         0x0000141c      0x12c
 *(.rodata .rodata.* .gnu.linkonce.r.*)
 .rodata.str1.4
                0x0000141c       0x7c .\CortexM3\ARM_GCC_484\Debug\main.o
 .rodata        0x00001498       0x44 .\CortexM3\ARM_GCC_484\Debug\Test.a(cyfitter_cfg.o)
 .rodata.str1.1
                0x000014dc        0x2 c:/program files (x86)/cypress/psoc creator/3.2/psoc creator/import/gnu/arm/4.8.4/bin/../lib/gcc/arm-none-eabi/4.8.4/../../../../arm-none-eabi/lib/armv7-m\libg_s.a(lib_a-impure.o)
 .rodata.str1.1
                0x000014de       0x11 c:/program files (x86)/cypress/psoc creator/3.2/psoc creator/import/gnu/arm/4.8.4/bin/../lib/gcc/arm-none-eabi/4.8.4/../../../../arm-none-eabi/lib/armv7-m\libg_s.a(lib_a-svfprintf.o)
 .rodata.str1.1
                0x000014ef       0x22 c:/program files (x86)/cypress/psoc creator/3.2/psoc creator/import/gnu/arm/4.8.4/bin/../lib/gcc/arm-none-eabi/4.8.4/../../../../arm-none-eabi/lib/armv7-m\libg_s.a(lib_a-vfprintf_i.o)
                0x00001514                . = ALIGN (0x4)
 *fill*         0x00001511        0x3 
 *(.init)
 .init          0x00001514        0x4 c:/program files (x86)/cypress/psoc creator/3.2/psoc creator/import/gnu/arm/4.8.4/bin/../lib/gcc/arm-none-eabi/4.8.4/armv7-m/crti.o
                0x00001514                _init
 .init          0x00001518        0x8 c:/program files (x86)/cypress/psoc creator/3.2/psoc creator/import/gnu/arm/4.8.4/bin/../lib/gcc/arm-none-eabi/4.8.4/armv7-m/crtn.o
                0x00001520                . = ALIGN (0x4)
                0x00001520                __preinit_array_start = .
 *(.preinit_array)
                0x00001520                __preinit_array_end = .
                0x00001520                . = ALIGN (0x4)
                0x00001520                __init_array_start = .
 *(SORT(.init_array.*))
 *(.init_array)
 .init_array    0x00001520        0x4 c:/program files (x86)/cypress/psoc creator/3.2/psoc creator/import/gnu/arm/4.8.4/bin/../lib/gcc/arm-none-eabi/4.8.4/armv7-m/crtbegin.o
 .init_array    0x00001524        0x4 .\CortexM3\ARM_GCC_484\Debug\Cm3Start.o
                0x00001528                __init_array_end = .
                0x00001528                . = ALIGN (0x4)
 *(.fini)
 .fini          0x00001528        0x4 c:/program files (x86)/cypress/psoc creator/3.2/psoc creator/import/gnu/arm/4.8.4/bin/../lib/gcc/arm-none-eabi/4.8.4/armv7-m/crti.o
                0x00001528                _fini
 .fini          0x0000152c        0x8 c:/program files (x86)/cypress/psoc creator/3.2/psoc creator/import/gnu/arm/4.8.4/bin/../lib/gcc/arm-none-eabi/4.8.4/armv7-m/crtn.o
                0x00001534                . = ALIGN (0x4)
                0x00001534                __fini_array_start = .
 *(.fini_array)
 .fini_array    0x00001534        0x4 c:/program files (x86)/cypress/psoc creator/3.2/psoc creator/import/gnu/arm/4.8.4/bin/../lib/gcc/arm-none-eabi/4.8.4/armv7-m/crtbegin.o
 *(SORT(.fini_array.*))
                0x00001538                __fini_array_end = .
                0x00001538                . = ALIGN (0x4)
 *crtbegin.o(.ctors)
 *(EXCLUDE_FILE(*crtend.o) .ctors)
 *(SORT(.ctors.*))
 *crtend.o(.ctors)
                0x00001538                . = ALIGN (0x4)
 *crtbegin.o(.dtors)
 *(EXCLUDE_FILE(*crtend.o) .dtors)
 *(SORT(.dtors.*))
 *crtend.o(.dtors)
                0x00001538                . = ALIGN (0x4)
                0x00001538                __cy_regions = .
                0x00001538        0x4 LONG 0x1548 __cy_region_init_ram
                0x0000153c        0x4 LONG 0x1fff8108 __cy_region_start_data
                0x00001540        0x4 LONG 0x70 __cy_region_init_size_ram
                0x00001544        0x4 LONG 0x40 __cy_region_zero_size_ram
                0x00001548                __cy_regions_end = .
                0x00001548                . = ALIGN (0x8)
                0x00001548                _etext = .

.ramvectors     0x1fff8000      0x100
                0x1fff8000                __cy_region_start_ram = .
 *(.ramvectors)
 .ramvectors    0x1fff8000      0x100 .\CortexM3\ARM_GCC_484\Debug\Cm3Start.o
                0x1fff8000                CyRamVectors

.noinit         0x1fff8100        0x5
 *(.noinit)
 .noinit        0x1fff8100        0x4 .\CortexM3\ARM_GCC_484\Debug\Cm3Start.o
 .noinit        0x1fff8104        0x1 .\CortexM3\ARM_GCC_484\Debug\Test.a(CyLib.o)
                0x1fff8104                CyResetStatus

.data           0x1fff8108       0x70 load address 0x00001548
                0x1fff8108                __cy_region_start_data = .
 *(.jcr)
 .jcr           0x1fff8108        0x0 c:/program files (x86)/cypress/psoc creator/3.2/psoc creator/import/gnu/arm/4.8.4/bin/../lib/gcc/arm-none-eabi/4.8.4/armv7-m/crtbegin.o
 .jcr           0x1fff8108        0x4 c:/program files (x86)/cypress/psoc creator/3.2/psoc creator/import/gnu/arm/4.8.4/bin/../lib/gcc/arm-none-eabi/4.8.4/armv7-m/crtend.o
 *(.got.plt)
 *(.got)
 *(.shdata)
 *(.data .data.* .gnu.linkonce.d.*)
 .data          0x1fff810c        0x4 .\CortexM3\ARM_GCC_484\Debug\Cm3Start.o
 .data.impure_data
                0x1fff8110       0x60 c:/program files (x86)/cypress/psoc creator/3.2/psoc creator/import/gnu/arm/4.8.4/bin/../lib/gcc/arm-none-eabi/4.8.4/../../../../arm-none-eabi/lib/armv7-m\libg_s.a(lib_a-impure.o)
 .data._impure_ptr
                0x1fff8170        0x4 c:/program files (x86)/cypress/psoc creator/3.2/psoc creator/import/gnu/arm/4.8.4/bin/../lib/gcc/arm-none-eabi/4.8.4/../../../../arm-none-eabi/lib/armv7-m\libg_s.a(lib_a-impure.o)
                0x1fff8170                _impure_ptr
                0x1fff8178                . = ALIGN (0x8)
 *fill*         0x1fff8174        0x4 
 *(.ram)
                0x1fff8178                _edata = .

.igot.plt       0x1fff8178        0x0 load address 0x000015b8
 .igot.plt      0x00000000        0x0 c:/program files (x86)/cypress/psoc creator/3.2/psoc creator/import/gnu/arm/4.8.4/bin/../lib/gcc/arm-none-eabi/4.8.4/armv7-m/crtbegin.o

.bss            0x1fff8178       0x40 load address 0x000015b8
                0x1fff8178                PROVIDE (__bss_start__, .)
 *(.shbss)
 *(.bss .bss.* .gnu.linkonce.b.*)
 .bss           0x1fff8178       0x1c c:/program files (x86)/cypress/psoc creator/3.2/psoc creator/import/gnu/arm/4.8.4/bin/../lib/gcc/arm-none-eabi/4.8.4/armv7-m/crtbegin.o
 .bss           0x1fff8194        0x1 .\CortexM3\ARM_GCC_484\Debug\Test.a(I2C.o)
                0x1fff8194                I2C_initVar
 .bss           0x1fff8195        0x2 .\CortexM3\ARM_GCC_484\Debug\Test.a(UART.o)
                0x1fff8195                UART_initVar
 *fill*         0x1fff8197        0x1 
 .bss.__malloc_sbrk_start
                0x1fff8198        0x4 c:/program files (x86)/cypress/psoc creator/3.2/psoc creator/import/gnu/arm/4.8.4/bin/../lib/gcc/arm-none-eabi/4.8.4/../../../../arm-none-eabi/lib/armv7-m\libg_s.a(lib_a-nano-mallocr.o)
                0x1fff8198                __malloc_sbrk_start
 .bss.__malloc_free_list
                0x1fff819c        0x4 c:/program files (x86)/cypress/psoc creator/3.2/psoc creator/import/gnu/arm/4.8.4/bin/../lib/gcc/arm-none-eabi/4.8.4/../../../../arm-none-eabi/lib/armv7-m\libg_s.a(lib_a-nano-mallocr.o)
                0x1fff819c                __malloc_free_list
 *(COMMON)
 COMMON         0x1fff81a0        0x1 .\CortexM3\ARM_GCC_484\Debug\Test.a(I2C.o)
                0x1fff81a0                I2C_state
 *fill*         0x1fff81a1        0x3 
 COMMON         0x1fff81a4       0x10 .\CortexM3\ARM_GCC_484\Debug\Test.a(I2C_MASTER.o)
                0x1fff81a4                I2C_mstrWrBufIndex
                0x1fff81a5                I2C_mstrWrBufSize
                0x1fff81a6                I2C_mstrStatus
                0x1fff81a8                I2C_mstrRdBufPtr
                0x1fff81ac                I2C_mstrControl
                0x1fff81ad                I2C_mstrRdBufSize
                0x1fff81ae                I2C_mstrRdBufIndex
                0x1fff81b0                I2C_mstrWrBufPtr
 COMMON         0x1fff81b4        0x4 c:/program files (x86)/cypress/psoc creator/3.2/psoc creator/import/gnu/arm/4.8.4/bin/../lib/gcc/arm-none-eabi/4.8.4/../../../../arm-none-eabi/lib/armv7-m\libg_s.a(lib_a-reent.o)
                0x1fff81b4                errno
                0x1fff81b8                . = ALIGN (0x8)
 *(.ram.b)
                0x1fff81b8                _end = .
                0x1fff81b8                __end = .
                0x1fff81b8                PROVIDE (end, .)
                0x1fff81b8                PROVIDE (__bss_end__, .)
                0x00001548                __cy_region_init_ram = LOADADDR (.data)
                0x00000070                __cy_region_init_size_ram = (_edata - ADDR (.data))
                0x00000040                __cy_region_zero_size_ram = (_end - _edata)

.heap           0x1fff81b8       0x80 load address 0x000015b8
                0x1fff81b8                . = _end
                0x1fff8238                . = (. + 0x80)
 *fill*         0x1fff81b8       0x80 
                0x1fff8238                __cy_heap_limit = .

.stack          0x20007800      0x800
                0x20007800                __cy_stack_limit = .
                0x20008000                . = (. + 0x800)
 *fill*         0x20007800      0x800 
                0x00000001                ASSERT ((__cy_stack_limit >= __cy_heap_limit), region RAM overflowed with stack)

.cyloadermeta
 *(.cyloadermeta)

.cyloadablemeta
 *(.cyloadablemeta)

.cyconfigecc    0x80000000      0x870
 *(.cyconfigecc)
 .cyconfigecc   0x80000000      0x870 .\CortexM3\ARM_GCC_484\Debug\cymetadata.o
                0x80000000                cy_meta_configecc

.cycustnvl      0x90000000        0x4
 *(.cycustnvl)
 .cycustnvl     0x90000000        0x4 .\CortexM3\ARM_GCC_484\Debug\cymetadata.o
                0x90000000                cy_meta_custnvl

.cywolatch      0x90100000        0x4
 *(.cywolatch)
 .cywolatch     0x90100000        0x4 .\CortexM3\ARM_GCC_484\Debug\cymetadata.o
                0x90100000                cy_meta_wonvl

.cyeeprom       0x90200000        0x0
 *(.cyeeprom)
                0x00000001                ASSERT ((. <= ((0x90200000 + ee_offset) + ee_size)), .cyeeprom data will not fit in EEPROM)

.cyflashprotect
                0x90400000      0x100
 *(.cyflashprotect)
 .cyflashprotect
                0x90400000      0x100 .\CortexM3\ARM_GCC_484\Debug\cymetadata.o
                0x90400000                cy_meta_flashprotect

.cymeta         0x90500000        0xc
 *(.cymeta)
 .cymeta        0x90500000        0xc .\CortexM3\ARM_GCC_484\Debug\cymetadata.o
                0x90500000                cy_metadata

.rel.dyn        0x000015b8        0x0 load address 0x9050000c
 .rel.iplt      0x00000000        0x0 c:/program files (x86)/cypress/psoc creator/3.2/psoc creator/import/gnu/arm/4.8.4/bin/../lib/gcc/arm-none-eabi/4.8.4/armv7-m/crtbegin.o

.stab
 *(.stab)

.stabstr
 *(.stabstr)

.debug
 *(.debug)

.line
 *(.line)

.debug_srcinfo
 *(.debug_srcinfo)

.debug_sfnames
 *(.debug_sfnames)

.debug_aranges  0x00000000      0xb50
 *(.debug_aranges)
 .debug_aranges
                0x00000000       0x40 .\CortexM3\ARM_GCC_484\Debug\main.o
 .debug_aranges
                0x00000040       0x60 .\CortexM3\ARM_GCC_484\Debug\motordriver.o
 .debug_aranges
                0x000000a0       0x38 .\CortexM3\ARM_GCC_484\Debug\Servo_Driver.o
 .debug_aranges
                0x000000d8       0x58 .\CortexM3\ARM_GCC_484\Debug\HMC5883L.o
 .debug_aranges
                0x00000130       0x18 .\CortexM3\ARM_GCC_484\Debug\cymetadata.o
 .debug_aranges
                0x00000148       0x48 .\CortexM3\ARM_GCC_484\Debug\Cm3Start.o
 .debug_aranges
                0x00000190       0x58 .\CortexM3\ARM_GCC_484\Debug\Test.a(cyfitter_cfg.o)
 .debug_aranges
                0x000001e8       0x88 .\CortexM3\ARM_GCC_484\Debug\Test.a(EN_A_PWM.o)
 .debug_aranges
                0x00000270       0x88 .\CortexM3\ARM_GCC_484\Debug\Test.a(EN_B_PWM.o)
 .debug_aranges
                0x000002f8       0x28 .\CortexM3\ARM_GCC_484\Debug\Test.a(Motor_A.o)
 .debug_aranges
                0x00000320       0x28 .\CortexM3\ARM_GCC_484\Debug\Test.a(Motor_B.o)
 .debug_aranges
                0x00000348       0x20 .\CortexM3\ARM_GCC_484\Debug\Test.a(CyBootAsmGnu.o)
 .debug_aranges
                0x00000368      0x298 .\CortexM3\ARM_GCC_484\Debug\Test.a(CyLib.o)
 .debug_aranges
                0x00000600       0x98 .\CortexM3\ARM_GCC_484\Debug\Test.a(cyPm.o)
 .debug_aranges
                0x00000698       0xa8 .\CortexM3\ARM_GCC_484\Debug\Test.a(Servo_B.o)
 .debug_aranges
                0x00000740       0xa8 .\CortexM3\ARM_GCC_484\Debug\Test.a(Servo_A.o)
 .debug_aranges
                0x000007e8       0x38 .\CortexM3\ARM_GCC_484\Debug\Test.a(I2C.o)
 .debug_aranges
                0x00000820       0x20 .\CortexM3\ARM_GCC_484\Debug\Test.a(I2C_INT.o)
 .debug_aranges
                0x00000840       0x38 .\CortexM3\ARM_GCC_484\Debug\Test.a(I2C_PM.o)
 .debug_aranges
                0x00000878       0x80 .\CortexM3\ARM_GCC_484\Debug\Test.a(I2C_MASTER.o)
 .debug_aranges
                0x000008f8       0xf0 .\CortexM3\ARM_GCC_484\Debug\Test.a(UART.o)
 .debug_aranges
                0x000009e8       0x70 .\CortexM3\ARM_GCC_484\Debug\Test.a(UART_IntClock.o)
 .debug_aranges
                0x00000a58       0x80 .\CortexM3\ARM_GCC_484\Debug\Test.a(CyFlash.o)
 .debug_aranges
                0x00000ad8       0x78 .\CortexM3\ARM_GCC_484\Debug\Test.a(CySpc.o)

.debug_pubnames
 *(.debug_pubnames)

.debug_info     0x00000000     0x64fd
 *(.debug_info .gnu.linkonce.wi.*)
 .debug_info    0x00000000      0x478 .\CortexM3\ARM_GCC_484\Debug\main.o
 .debug_info    0x00000478      0x3b0 .\CortexM3\ARM_GCC_484\Debug\motordriver.o
 .debug_info    0x00000828      0x23e .\CortexM3\ARM_GCC_484\Debug\Servo_Driver.o
 .debug_info    0x00000a66      0x543 .\CortexM3\ARM_GCC_484\Debug\HMC5883L.o
 .debug_info    0x00000fa9      0x13e .\CortexM3\ARM_GCC_484\Debug\cymetadata.o
 .debug_info    0x000010e7      0x39f .\CortexM3\ARM_GCC_484\Debug\Cm3Start.o
 .debug_info    0x00001486      0x5b5 .\CortexM3\ARM_GCC_484\Debug\Test.a(cyfitter_cfg.o)
 .debug_info    0x00001a3b      0x2e7 .\CortexM3\ARM_GCC_484\Debug\Test.a(EN_A_PWM.o)
 .debug_info    0x00001d22      0x2e7 .\CortexM3\ARM_GCC_484\Debug\Test.a(EN_B_PWM.o)
 .debug_info    0x00002009       0xd5 .\CortexM3\ARM_GCC_484\Debug\Test.a(Motor_A.o)
 .debug_info    0x000020de       0xd5 .\CortexM3\ARM_GCC_484\Debug\Test.a(Motor_B.o)
 .debug_info    0x000021b3       0x7e .\CortexM3\ARM_GCC_484\Debug\Test.a(CyBootAsmGnu.o)
 .debug_info    0x00002231     0x1373 .\CortexM3\ARM_GCC_484\Debug\Test.a(CyLib.o)
 .debug_info    0x000035a4      0xa56 .\CortexM3\ARM_GCC_484\Debug\Test.a(cyPm.o)
 .debug_info    0x00003ffa      0x39d .\CortexM3\ARM_GCC_484\Debug\Test.a(Servo_B.o)
 .debug_info    0x00004397      0x39d .\CortexM3\ARM_GCC_484\Debug\Test.a(Servo_A.o)
 .debug_info    0x00004734      0x2d8 .\CortexM3\ARM_GCC_484\Debug\Test.a(I2C.o)
 .debug_info    0x00004a0c      0x17d .\CortexM3\ARM_GCC_484\Debug\Test.a(I2C_INT.o)
 .debug_info    0x00004b89      0x1fb .\CortexM3\ARM_GCC_484\Debug\Test.a(I2C_PM.o)
 .debug_info    0x00004d84      0x3fe .\CortexM3\ARM_GCC_484\Debug\Test.a(I2C_MASTER.o)
 .debug_info    0x00005182      0x600 .\CortexM3\ARM_GCC_484\Debug\Test.a(UART.o)
 .debug_info    0x00005782      0x283 .\CortexM3\ARM_GCC_484\Debug\Test.a(UART_IntClock.o)
 .debug_info    0x00005a05      0x60a .\CortexM3\ARM_GCC_484\Debug\Test.a(CyFlash.o)
 .debug_info    0x0000600f      0x4ee .\CortexM3\ARM_GCC_484\Debug\Test.a(CySpc.o)

.debug_abbrev   0x00000000     0x2099
 *(.debug_abbrev)
 .debug_abbrev  0x00000000      0x203 .\CortexM3\ARM_GCC_484\Debug\main.o
 .debug_abbrev  0x00000203      0x10c .\CortexM3\ARM_GCC_484\Debug\motordriver.o
 .debug_abbrev  0x0000030f      0x143 .\CortexM3\ARM_GCC_484\Debug\Servo_Driver.o
 .debug_abbrev  0x00000452      0x1aa .\CortexM3\ARM_GCC_484\Debug\HMC5883L.o
 .debug_abbrev  0x000005fc       0x77 .\CortexM3\ARM_GCC_484\Debug\cymetadata.o
 .debug_abbrev  0x00000673      0x20d .\CortexM3\ARM_GCC_484\Debug\Cm3Start.o
 .debug_abbrev  0x00000880      0x21b .\CortexM3\ARM_GCC_484\Debug\Test.a(cyfitter_cfg.o)
 .debug_abbrev  0x00000a9b      0x12f .\CortexM3\ARM_GCC_484\Debug\Test.a(EN_A_PWM.o)
 .debug_abbrev  0x00000bca      0x12f .\CortexM3\ARM_GCC_484\Debug\Test.a(EN_B_PWM.o)
 .debug_abbrev  0x00000cf9       0x8e .\CortexM3\ARM_GCC_484\Debug\Test.a(Motor_A.o)
 .debug_abbrev  0x00000d87       0x8e .\CortexM3\ARM_GCC_484\Debug\Test.a(Motor_B.o)
 .debug_abbrev  0x00000e15       0x14 .\CortexM3\ARM_GCC_484\Debug\Test.a(CyBootAsmGnu.o)
 .debug_abbrev  0x00000e29      0x296 .\CortexM3\ARM_GCC_484\Debug\Test.a(CyLib.o)
 .debug_abbrev  0x000010bf      0x1fa .\CortexM3\ARM_GCC_484\Debug\Test.a(cyPm.o)
 .debug_abbrev  0x000012b9      0x15a .\CortexM3\ARM_GCC_484\Debug\Test.a(Servo_B.o)
 .debug_abbrev  0x00001413      0x15a .\CortexM3\ARM_GCC_484\Debug\Test.a(Servo_A.o)
 .debug_abbrev  0x0000156d      0x15c .\CortexM3\ARM_GCC_484\Debug\Test.a(I2C.o)
 .debug_abbrev  0x000016c9       0xca .\CortexM3\ARM_GCC_484\Debug\Test.a(I2C_INT.o)
 .debug_abbrev  0x00001793      0x12b .\CortexM3\ARM_GCC_484\Debug\Test.a(I2C_PM.o)
 .debug_abbrev  0x000018be      0x149 .\CortexM3\ARM_GCC_484\Debug\Test.a(I2C_MASTER.o)
 .debug_abbrev  0x00001a07      0x1af .\CortexM3\ARM_GCC_484\Debug\Test.a(UART.o)
 .debug_abbrev  0x00001bb6      0x137 .\CortexM3\ARM_GCC_484\Debug\Test.a(UART_IntClock.o)
 .debug_abbrev  0x00001ced      0x1de .\CortexM3\ARM_GCC_484\Debug\Test.a(CyFlash.o)
 .debug_abbrev  0x00001ecb      0x1ce .\CortexM3\ARM_GCC_484\Debug\Test.a(CySpc.o)

.debug_line     0x00000000     0x2db4
 *(.debug_line)
 .debug_line    0x00000000      0x245 .\CortexM3\ARM_GCC_484\Debug\main.o
 .debug_line    0x00000245      0x236 .\CortexM3\ARM_GCC_484\Debug\motordriver.o
 .debug_line    0x0000047b      0x1d7 .\CortexM3\ARM_GCC_484\Debug\Servo_Driver.o
 .debug_line    0x00000652      0x246 .\CortexM3\ARM_GCC_484\Debug\HMC5883L.o
 .debug_line    0x00000898       0x53 .\CortexM3\ARM_GCC_484\Debug\cymetadata.o
 .debug_line    0x000008eb      0x238 .\CortexM3\ARM_GCC_484\Debug\Cm3Start.o
 .debug_line    0x00000b23      0x1ff .\CortexM3\ARM_GCC_484\Debug\Test.a(cyfitter_cfg.o)
 .debug_line    0x00000d22      0x165 .\CortexM3\ARM_GCC_484\Debug\Test.a(EN_A_PWM.o)
 .debug_line    0x00000e87      0x165 .\CortexM3\ARM_GCC_484\Debug\Test.a(EN_B_PWM.o)
 .debug_line    0x00000fec       0x71 .\CortexM3\ARM_GCC_484\Debug\Test.a(Motor_A.o)
 .debug_line    0x0000105d       0x71 .\CortexM3\ARM_GCC_484\Debug\Test.a(Motor_B.o)
 .debug_line    0x000010ce       0x68 .\CortexM3\ARM_GCC_484\Debug\Test.a(CyBootAsmGnu.o)
 .debug_line    0x00001136      0x818 .\CortexM3\ARM_GCC_484\Debug\Test.a(CyLib.o)
 .debug_line    0x0000194e      0x366 .\CortexM3\ARM_GCC_484\Debug\Test.a(cyPm.o)
 .debug_line    0x00001cb4      0x1b4 .\CortexM3\ARM_GCC_484\Debug\Test.a(Servo_B.o)
 .debug_line    0x00001e68      0x1b4 .\CortexM3\ARM_GCC_484\Debug\Test.a(Servo_A.o)
 .debug_line    0x0000201c       0xdb .\CortexM3\ARM_GCC_484\Debug\Test.a(I2C.o)
 .debug_line    0x000020f7      0x116 .\CortexM3\ARM_GCC_484\Debug\Test.a(I2C_INT.o)
 .debug_line    0x0000220d       0xbd .\CortexM3\ARM_GCC_484\Debug\Test.a(I2C_PM.o)
 .debug_line    0x000022ca      0x209 .\CortexM3\ARM_GCC_484\Debug\Test.a(I2C_MASTER.o)
 .debug_line    0x000024d3      0x2c9 .\CortexM3\ARM_GCC_484\Debug\Test.a(UART.o)
 .debug_line    0x0000279c      0x19d .\CortexM3\ARM_GCC_484\Debug\Test.a(UART_IntClock.o)
 .debug_line    0x00002939      0x233 .\CortexM3\ARM_GCC_484\Debug\Test.a(CyFlash.o)
 .debug_line    0x00002b6c      0x248 .\CortexM3\ARM_GCC_484\Debug\Test.a(CySpc.o)

.debug_frame    0x00000000     0x1e60
 *(.debug_frame)
 .debug_frame   0x00000000       0xac .\CortexM3\ARM_GCC_484\Debug\main.o
 .debug_frame   0x000000ac      0x10c .\CortexM3\ARM_GCC_484\Debug\motordriver.o
 .debug_frame   0x000001b8       0x5c .\CortexM3\ARM_GCC_484\Debug\Servo_Driver.o
 .debug_frame   0x00000214       0xd0 .\CortexM3\ARM_GCC_484\Debug\HMC5883L.o
 .debug_frame   0x000002e4       0xac .\CortexM3\ARM_GCC_484\Debug\Cm3Start.o
 .debug_frame   0x00000390       0xe0 .\CortexM3\ARM_GCC_484\Debug\Test.a(cyfitter_cfg.o)
 .debug_frame   0x00000470      0x114 .\CortexM3\ARM_GCC_484\Debug\Test.a(EN_A_PWM.o)
 .debug_frame   0x00000584      0x114 .\CortexM3\ARM_GCC_484\Debug\Test.a(EN_B_PWM.o)
 .debug_frame   0x00000698       0x30 .\CortexM3\ARM_GCC_484\Debug\Test.a(Motor_A.o)
 .debug_frame   0x000006c8       0x30 .\CortexM3\ARM_GCC_484\Debug\Test.a(Motor_B.o)
 .debug_frame   0x000006f8      0x730 .\CortexM3\ARM_GCC_484\Debug\Test.a(CyLib.o)
 .debug_frame   0x00000e28      0x1fc .\CortexM3\ARM_GCC_484\Debug\Test.a(cyPm.o)
 .debug_frame   0x00001024      0x154 .\CortexM3\ARM_GCC_484\Debug\Test.a(Servo_B.o)
 .debug_frame   0x00001178      0x154 .\CortexM3\ARM_GCC_484\Debug\Test.a(Servo_A.o)
 .debug_frame   0x000012cc       0x94 .\CortexM3\ARM_GCC_484\Debug\Test.a(I2C.o)
 .debug_frame   0x00001360       0x30 .\CortexM3\ARM_GCC_484\Debug\Test.a(I2C_INT.o)
 .debug_frame   0x00001390       0x74 .\CortexM3\ARM_GCC_484\Debug\Test.a(I2C_PM.o)
 .debug_frame   0x00001404       0xf8 .\CortexM3\ARM_GCC_484\Debug\Test.a(I2C_MASTER.o)
 .debug_frame   0x000014fc      0x234 .\CortexM3\ARM_GCC_484\Debug\Test.a(UART.o)
 .debug_frame   0x00001730       0xe0 .\CortexM3\ARM_GCC_484\Debug\Test.a(UART_IntClock.o)
 .debug_frame   0x00001810      0x17c .\CortexM3\ARM_GCC_484\Debug\Test.a(CyFlash.o)
 .debug_frame   0x0000198c      0x148 .\CortexM3\ARM_GCC_484\Debug\Test.a(CySpc.o)
 .debug_frame   0x00001ad4       0x20 c:/program files (x86)/cypress/psoc creator/3.2/psoc creator/import/gnu/arm/4.8.4/bin/../lib/gcc/arm-none-eabi/4.8.4/../../../../arm-none-eabi/lib/armv7-m\libg_s.a(lib_a-errno.o)
 .debug_frame   0x00001af4       0x28 c:/program files (x86)/cypress/psoc creator/3.2/psoc creator/import/gnu/arm/4.8.4/bin/../lib/gcc/arm-none-eabi/4.8.4/../../../../arm-none-eabi/lib/armv7-m\libg_s.a(lib_a-exit.o)
 .debug_frame   0x00001b1c       0x2c c:/program files (x86)/cypress/psoc creator/3.2/psoc creator/import/gnu/arm/4.8.4/bin/../lib/gcc/arm-none-eabi/4.8.4/../../../../arm-none-eabi/lib/armv7-m\libg_s.a(lib_a-init.o)
 .debug_frame   0x00001b48       0x28 c:/program files (x86)/cypress/psoc creator/3.2/psoc creator/import/gnu/arm/4.8.4/bin/../lib/gcc/arm-none-eabi/4.8.4/../../../../arm-none-eabi/lib/armv7-m\libg_s.a(lib_a-memcpy-stub.o)
 .debug_frame   0x00001b70       0x20 c:/program files (x86)/cypress/psoc creator/3.2/psoc creator/import/gnu/arm/4.8.4/bin/../lib/gcc/arm-none-eabi/4.8.4/../../../../arm-none-eabi/lib/armv7-m\libg_s.a(lib_a-memset.o)
 .debug_frame   0x00001b90       0x58 c:/program files (x86)/cypress/psoc creator/3.2/psoc creator/import/gnu/arm/4.8.4/bin/../lib/gcc/arm-none-eabi/4.8.4/../../../../arm-none-eabi/lib/armv7-m\libg_s.a(lib_a-sprintf.o)
 .debug_frame   0x00001be8       0x88 c:/program files (x86)/cypress/psoc creator/3.2/psoc creator/import/gnu/arm/4.8.4/bin/../lib/gcc/arm-none-eabi/4.8.4/../../../../arm-none-eabi/lib/armv7-m\libg_s.a(lib_a-svfprintf.o)
 .debug_frame   0x00001c70       0x60 c:/program files (x86)/cypress/psoc creator/3.2/psoc creator/import/gnu/arm/4.8.4/bin/../lib/gcc/arm-none-eabi/4.8.4/../../../../arm-none-eabi/lib/armv7-m\libg_s.a(lib_a-vfprintf_i.o)
 .debug_frame   0x00001cd0       0x28 c:/program files (x86)/cypress/psoc creator/3.2/psoc creator/import/gnu/arm/4.8.4/bin/../lib/gcc/arm-none-eabi/4.8.4/../../../../arm-none-eabi/lib/armv7-m\libg_s.a(lib_a-memchr-stub.o)
 .debug_frame   0x00001cf8       0x2c c:/program files (x86)/cypress/psoc creator/3.2/psoc creator/import/gnu/arm/4.8.4/bin/../lib/gcc/arm-none-eabi/4.8.4/../../../../arm-none-eabi/lib/armv7-m\libg_s.a(lib_a-memmove.o)
 .debug_frame   0x00001d24       0x2c c:/program files (x86)/cypress/psoc creator/3.2/psoc creator/import/gnu/arm/4.8.4/bin/../lib/gcc/arm-none-eabi/4.8.4/../../../../arm-none-eabi/lib/armv7-m\libg_s.a(lib_a-nano-freer.o)
 .debug_frame   0x00001d50       0x2c c:/program files (x86)/cypress/psoc creator/3.2/psoc creator/import/gnu/arm/4.8.4/bin/../lib/gcc/arm-none-eabi/4.8.4/../../../../arm-none-eabi/lib/armv7-m\libg_s.a(lib_a-nano-mallocr.o)
 .debug_frame   0x00001d7c       0x30 c:/program files (x86)/cypress/psoc creator/3.2/psoc creator/import/gnu/arm/4.8.4/bin/../lib/gcc/arm-none-eabi/4.8.4/../../../../arm-none-eabi/lib/armv7-m\libg_s.a(lib_a-nano-reallocr.o)
 .debug_frame   0x00001dac       0x2c c:/program files (x86)/cypress/psoc creator/3.2/psoc creator/import/gnu/arm/4.8.4/bin/../lib/gcc/arm-none-eabi/4.8.4/../../../../arm-none-eabi/lib/armv7-m\libg_s.a(lib_a-sbrkr.o)
 .debug_frame   0x00001dd8       0x20 c:/program files (x86)/cypress/psoc creator/3.2/psoc creator/import/gnu/arm/4.8.4/bin/../lib/gcc/arm-none-eabi/4.8.4/../../../../arm-none-eabi/lib/armv7-m\libg_s.a(lib_a-strlen.o)
 .debug_frame   0x00001df8       0x20 c:/program files (x86)/cypress/psoc creator/3.2/psoc creator/import/gnu/arm/4.8.4/bin/../lib/gcc/arm-none-eabi/4.8.4/../../../../arm-none-eabi/lib/armv7-m\libg_s.a(lib_a-nano-msizer.o)
 .debug_frame   0x00001e18       0x48 c:/program files (x86)/cypress/psoc creator/3.2/psoc creator/import/gnu/arm/4.8.4/bin/../lib/gcc/arm-none-eabi/4.8.4/../../../../arm-none-eabi/lib/armv7-m\libg_s.a(lib_a-reent.o)

.debug_str      0x00000000     0x22c4
 *(.debug_str)
 .debug_str     0x00000000      0x263 .\CortexM3\ARM_GCC_484\Debug\main.o
                                0x2d4 (size before relaxing)
 .debug_str     0x00000263       0xed .\CortexM3\ARM_GCC_484\Debug\motordriver.o
                                0x26a (size before relaxing)
 .debug_str     0x00000350       0xd4 .\CortexM3\ARM_GCC_484\Debug\Servo_Driver.o
                                0x286 (size before relaxing)
 .debug_str     0x00000424       0xb7 .\CortexM3\ARM_GCC_484\Debug\HMC5883L.o
                                0x284 (size before relaxing)
 .debug_str     0x000004db       0x77 .\CortexM3\ARM_GCC_484\Debug\cymetadata.o
                                0x1c6 (size before relaxing)
 .debug_str     0x00000552      0x160 .\CortexM3\ARM_GCC_484\Debug\Cm3Start.o
                                0x2da (size before relaxing)
 .debug_str     0x000006b2      0x185 .\CortexM3\ARM_GCC_484\Debug\Test.a(cyfitter_cfg.o)
                                0x314 (size before relaxing)
 .debug_str     0x00000837      0x1a1 .\CortexM3\ARM_GCC_484\Debug\Test.a(EN_A_PWM.o)
                                0x318 (size before relaxing)
 .debug_str     0x000009d8      0x14f .\CortexM3\ARM_GCC_484\Debug\Test.a(EN_B_PWM.o)
                                0x318 (size before relaxing)
 .debug_str     0x00000b27       0x2b .\CortexM3\ARM_GCC_484\Debug\Test.a(Motor_A.o)
                                0x191 (size before relaxing)
 .debug_str     0x00000b52       0x23 .\CortexM3\ARM_GCC_484\Debug\Test.a(Motor_B.o)
                                0x191 (size before relaxing)
 .debug_str     0x00000b75      0x7f4 .\CortexM3\ARM_GCC_484\Debug\Test.a(CyLib.o)
                                0x9ff (size before relaxing)
 .debug_str     0x00001369      0x35b .\CortexM3\ARM_GCC_484\Debug\Test.a(cyPm.o)
                                0x6f7 (size before relaxing)
 .debug_str     0x000016c4      0x19a .\CortexM3\ARM_GCC_484\Debug\Test.a(Servo_B.o)
                                0x381 (size before relaxing)
 .debug_str     0x0000185e      0x18e .\CortexM3\ARM_GCC_484\Debug\Test.a(Servo_A.o)
                                0x381 (size before relaxing)
 .debug_str     0x000019ec       0xdb .\CortexM3\ARM_GCC_484\Debug\Test.a(I2C.o)
                                0x2be (size before relaxing)
 .debug_str     0x00001ac7       0x88 .\CortexM3\ARM_GCC_484\Debug\Test.a(I2C_INT.o)
                                0x22f (size before relaxing)
 .debug_str     0x00001b4f       0x58 .\CortexM3\ARM_GCC_484\Debug\Test.a(I2C_PM.o)
                                0x24d (size before relaxing)
 .debug_str     0x00001ba7      0x126 .\CortexM3\ARM_GCC_484\Debug\Test.a(I2C_MASTER.o)
                                0x374 (size before relaxing)
 .debug_str     0x00001ccd      0x22d .\CortexM3\ARM_GCC_484\Debug\Test.a(UART.o)
                                0x445 (size before relaxing)
 .debug_str     0x00001efa      0x185 .\CortexM3\ARM_GCC_484\Debug\Test.a(UART_IntClock.o)
                                0x312 (size before relaxing)
 .debug_str     0x0000207f      0x197 .\CortexM3\ARM_GCC_484\Debug\Test.a(CyFlash.o)
                                0x371 (size before relaxing)
 .debug_str     0x00002216       0xae .\CortexM3\ARM_GCC_484\Debug\Test.a(CySpc.o)
                                0x2fa (size before relaxing)

.debug_loc      0x00000000     0x2a23
 *(.debug_loc)
 .debug_loc     0x00000000       0x8f .\CortexM3\ARM_GCC_484\Debug\main.o
 .debug_loc     0x0000008f      0x206 .\CortexM3\ARM_GCC_484\Debug\motordriver.o
 .debug_loc     0x00000295      0x207 .\CortexM3\ARM_GCC_484\Debug\Servo_Driver.o
 .debug_loc     0x0000049c      0x144 .\CortexM3\ARM_GCC_484\Debug\HMC5883L.o
 .debug_loc     0x000005e0      0x14f .\CortexM3\ARM_GCC_484\Debug\Cm3Start.o
 .debug_loc     0x0000072f      0x2a3 .\CortexM3\ARM_GCC_484\Debug\Test.a(cyfitter_cfg.o)
 .debug_loc     0x000009d2       0x13 .\CortexM3\ARM_GCC_484\Debug\Test.a(EN_A_PWM.o)
 .debug_loc     0x000009e5       0x13 .\CortexM3\ARM_GCC_484\Debug\Test.a(EN_B_PWM.o)
 .debug_loc     0x000009f8      0xa53 .\CortexM3\ARM_GCC_484\Debug\Test.a(CyLib.o)
 .debug_loc     0x0000144b      0x22a .\CortexM3\ARM_GCC_484\Debug\Test.a(cyPm.o)
 .debug_loc     0x00001675       0x26 .\CortexM3\ARM_GCC_484\Debug\Test.a(Servo_B.o)
 .debug_loc     0x0000169b       0x26 .\CortexM3\ARM_GCC_484\Debug\Test.a(Servo_A.o)
 .debug_loc     0x000016c1       0x39 .\CortexM3\ARM_GCC_484\Debug\Test.a(I2C.o)
 .debug_loc     0x000016fa       0x29 .\CortexM3\ARM_GCC_484\Debug\Test.a(I2C_INT.o)
 .debug_loc     0x00001723       0x13 .\CortexM3\ARM_GCC_484\Debug\Test.a(I2C_PM.o)
 .debug_loc     0x00001736      0x566 .\CortexM3\ARM_GCC_484\Debug\Test.a(I2C_MASTER.o)
 .debug_loc     0x00001c9c      0x288 .\CortexM3\ARM_GCC_484\Debug\Test.a(UART.o)
 .debug_loc     0x00001f24      0x15c .\CortexM3\ARM_GCC_484\Debug\Test.a(UART_IntClock.o)
 .debug_loc     0x00002080      0x321 .\CortexM3\ARM_GCC_484\Debug\Test.a(CyFlash.o)
 .debug_loc     0x000023a1      0x682 .\CortexM3\ARM_GCC_484\Debug\Test.a(CySpc.o)

.debug_macinfo
 *(.debug_macinfo)

.debug_ranges   0x00000000      0x9e8
 *(.debug_ranges)
 .debug_ranges  0x00000000       0x30 .\CortexM3\ARM_GCC_484\Debug\main.o
 .debug_ranges  0x00000030       0x50 .\CortexM3\ARM_GCC_484\Debug\motordriver.o
 .debug_ranges  0x00000080       0x28 .\CortexM3\ARM_GCC_484\Debug\Servo_Driver.o
 .debug_ranges  0x000000a8       0x48 .\CortexM3\ARM_GCC_484\Debug\HMC5883L.o
 .debug_ranges  0x000000f0       0x50 .\CortexM3\ARM_GCC_484\Debug\Cm3Start.o
 .debug_ranges  0x00000140       0x60 .\CortexM3\ARM_GCC_484\Debug\Test.a(cyfitter_cfg.o)
 .debug_ranges  0x000001a0       0x78 .\CortexM3\ARM_GCC_484\Debug\Test.a(EN_A_PWM.o)
 .debug_ranges  0x00000218       0x78 .\CortexM3\ARM_GCC_484\Debug\Test.a(EN_B_PWM.o)
 .debug_ranges  0x00000290       0x18 .\CortexM3\ARM_GCC_484\Debug\Test.a(Motor_A.o)
 .debug_ranges  0x000002a8       0x18 .\CortexM3\ARM_GCC_484\Debug\Test.a(Motor_B.o)
 .debug_ranges  0x000002c0      0x288 .\CortexM3\ARM_GCC_484\Debug\Test.a(CyLib.o)
 .debug_ranges  0x00000548       0x88 .\CortexM3\ARM_GCC_484\Debug\Test.a(cyPm.o)
 .debug_ranges  0x000005d0       0x98 .\CortexM3\ARM_GCC_484\Debug\Test.a(Servo_B.o)
 .debug_ranges  0x00000668       0x98 .\CortexM3\ARM_GCC_484\Debug\Test.a(Servo_A.o)
 .debug_ranges  0x00000700       0x28 .\CortexM3\ARM_GCC_484\Debug\Test.a(I2C.o)
 .debug_ranges  0x00000728       0x10 .\CortexM3\ARM_GCC_484\Debug\Test.a(I2C_INT.o)
 .debug_ranges  0x00000738       0x28 .\CortexM3\ARM_GCC_484\Debug\Test.a(I2C_PM.o)
 .debug_ranges  0x00000760       0x70 .\CortexM3\ARM_GCC_484\Debug\Test.a(I2C_MASTER.o)
 .debug_ranges  0x000007d0       0xe0 .\CortexM3\ARM_GCC_484\Debug\Test.a(UART.o)
 .debug_ranges  0x000008b0       0x60 .\CortexM3\ARM_GCC_484\Debug\Test.a(UART_IntClock.o)
 .debug_ranges  0x00000910       0x70 .\CortexM3\ARM_GCC_484\Debug\Test.a(CyFlash.o)
 .debug_ranges  0x00000980       0x68 .\CortexM3\ARM_GCC_484\Debug\Test.a(CySpc.o)

.comment        0x00000000       0x70
 .comment       0x00000000       0x70 .\CortexM3\ARM_GCC_484\Debug\main.o
                                 0x71 (size before relaxing)
 .comment       0x00000000       0x71 .\CortexM3\ARM_GCC_484\Debug\motordriver.o
 .comment       0x00000000       0x71 .\CortexM3\ARM_GCC_484\Debug\Servo_Driver.o
 .comment       0x00000000       0x71 .\CortexM3\ARM_GCC_484\Debug\HMC5883L.o
 .comment       0x00000000       0x71 .\CortexM3\ARM_GCC_484\Debug\cymetadata.o
 .comment       0x00000000       0x71 .\CortexM3\ARM_GCC_484\Debug\Cm3Start.o
 .comment       0x00000000       0x71 .\CortexM3\ARM_GCC_484\Debug\Test.a(cyfitter_cfg.o)
 .comment       0x00000000       0x71 .\CortexM3\ARM_GCC_484\Debug\Test.a(EN_A_PWM.o)
 .comment       0x00000000       0x71 .\CortexM3\ARM_GCC_484\Debug\Test.a(EN_B_PWM.o)
 .comment       0x00000000       0x71 .\CortexM3\ARM_GCC_484\Debug\Test.a(Motor_A.o)
 .comment       0x00000000       0x71 .\CortexM3\ARM_GCC_484\Debug\Test.a(Motor_B.o)
 .comment       0x00000000       0x71 .\CortexM3\ARM_GCC_484\Debug\Test.a(CyLib.o)
 .comment       0x00000000       0x71 .\CortexM3\ARM_GCC_484\Debug\Test.a(cyPm.o)
 .comment       0x00000000       0x71 .\CortexM3\ARM_GCC_484\Debug\Test.a(Servo_B.o)
 .comment       0x00000000       0x71 .\CortexM3\ARM_GCC_484\Debug\Test.a(Servo_A.o)
 .comment       0x00000000       0x71 .\CortexM3\ARM_GCC_484\Debug\Test.a(I2C.o)
 .comment       0x00000000       0x71 .\CortexM3\ARM_GCC_484\Debug\Test.a(I2C_INT.o)
 .comment       0x00000000       0x71 .\CortexM3\ARM_GCC_484\Debug\Test.a(I2C_PM.o)
 .comment       0x00000000       0x71 .\CortexM3\ARM_GCC_484\Debug\Test.a(I2C_MASTER.o)
 .comment       0x00000000       0x71 .\CortexM3\ARM_GCC_484\Debug\Test.a(UART.o)
 .comment       0x00000000       0x71 .\CortexM3\ARM_GCC_484\Debug\Test.a(UART_IntClock.o)
 .comment       0x00000000       0x71 .\CortexM3\ARM_GCC_484\Debug\Test.a(CyFlash.o)
 .comment       0x00000000       0x71 .\CortexM3\ARM_GCC_484\Debug\Test.a(CySpc.o)

.debug_weaknames
 *(.debug_weaknames)

.debug_funcnames
 *(.debug_funcnames)

.debug_typenames
 *(.debug_typenames)

.debug_varnames
 *(.debug_varnames)

.note.gnu.arm.ident
 *(.note.gnu.arm.ident)

.ARM.attributes
                0x00000000       0x29
 *(.ARM.attributes)
 .ARM.attributes
                0x00000000       0x1d c:/program files (x86)/cypress/psoc creator/3.2/psoc creator/import/gnu/arm/4.8.4/bin/../lib/gcc/arm-none-eabi/4.8.4/armv7-m/crti.o
 .ARM.attributes
                0x0000001d       0x2d c:/program files (x86)/cypress/psoc creator/3.2/psoc creator/import/gnu/arm/4.8.4/bin/../lib/gcc/arm-none-eabi/4.8.4/armv7-m/crtbegin.o
 .ARM.attributes
                0x0000004a       0x1b c:/program files (x86)/cypress/psoc creator/3.2/psoc creator/import/gnu/arm/4.8.4/bin/../lib/gcc/arm-none-eabi/4.8.4/../../../../arm-none-eabi/lib/armv7-m/crt0.o
 .ARM.attributes
                0x00000065       0x33 .\CortexM3\ARM_GCC_484\Debug\main.o
 .ARM.attributes
                0x00000098       0x33 .\CortexM3\ARM_GCC_484\Debug\motordriver.o
 .ARM.attributes
                0x000000cb       0x33 .\CortexM3\ARM_GCC_484\Debug\Servo_Driver.o
 .ARM.attributes
                0x000000fe       0x33 .\CortexM3\ARM_GCC_484\Debug\HMC5883L.o
 .ARM.attributes
                0x00000131       0x33 .\CortexM3\ARM_GCC_484\Debug\cymetadata.o
 .ARM.attributes
                0x00000164       0x33 .\CortexM3\ARM_GCC_484\Debug\Cm3Start.o
 .ARM.attributes
                0x00000197       0x33 .\CortexM3\ARM_GCC_484\Debug\Test.a(cyfitter_cfg.o)
 .ARM.attributes
                0x000001ca       0x33 .\CortexM3\ARM_GCC_484\Debug\Test.a(EN_A_PWM.o)
 .ARM.attributes
                0x000001fd       0x33 .\CortexM3\ARM_GCC_484\Debug\Test.a(EN_B_PWM.o)
 .ARM.attributes
                0x00000230       0x33 .\CortexM3\ARM_GCC_484\Debug\Test.a(Motor_A.o)
 .ARM.attributes
                0x00000263       0x33 .\CortexM3\ARM_GCC_484\Debug\Test.a(Motor_B.o)
 .ARM.attributes
                0x00000296       0x21 .\CortexM3\ARM_GCC_484\Debug\Test.a(CyBootAsmGnu.o)
 .ARM.attributes
                0x000002b7       0x33 .\CortexM3\ARM_GCC_484\Debug\Test.a(CyLib.o)
 .ARM.attributes
                0x000002ea       0x33 .\CortexM3\ARM_GCC_484\Debug\Test.a(cyPm.o)
 .ARM.attributes
                0x0000031d       0x33 .\CortexM3\ARM_GCC_484\Debug\Test.a(Servo_B.o)
 .ARM.attributes
                0x00000350       0x33 .\CortexM3\ARM_GCC_484\Debug\Test.a(Servo_A.o)
 .ARM.attributes
                0x00000383       0x33 .\CortexM3\ARM_GCC_484\Debug\Test.a(I2C.o)
 .ARM.attributes
                0x000003b6       0x33 .\CortexM3\ARM_GCC_484\Debug\Test.a(I2C_INT.o)
 .ARM.attributes
                0x000003e9       0x33 .\CortexM3\ARM_GCC_484\Debug\Test.a(I2C_PM.o)
 .ARM.attributes
                0x0000041c       0x33 .\CortexM3\ARM_GCC_484\Debug\Test.a(I2C_MASTER.o)
 .ARM.attributes
                0x0000044f       0x33 .\CortexM3\ARM_GCC_484\Debug\Test.a(UART.o)
 .ARM.attributes
                0x00000482       0x33 .\CortexM3\ARM_GCC_484\Debug\Test.a(UART_IntClock.o)
 .ARM.attributes
                0x000004b5       0x33 .\CortexM3\ARM_GCC_484\Debug\Test.a(CyFlash.o)
 .ARM.attributes
                0x000004e8       0x33 .\CortexM3\ARM_GCC_484\Debug\Test.a(CySpc.o)
 .ARM.attributes
                0x0000051b       0x2d c:/program files (x86)/cypress/psoc creator/3.2/psoc creator/import/gnu/arm/4.8.4/bin/../lib/gcc/arm-none-eabi/4.8.4/../../../../arm-none-eabi/lib/armv7-m\libg_s.a(lib_a-errno.o)
 .ARM.attributes
                0x00000548       0x2d c:/program files (x86)/cypress/psoc creator/3.2/psoc creator/import/gnu/arm/4.8.4/bin/../lib/gcc/arm-none-eabi/4.8.4/../../../../arm-none-eabi/lib/armv7-m\libg_s.a(lib_a-exit.o)
 .ARM.attributes
                0x00000575       0x2d c:/program files (x86)/cypress/psoc creator/3.2/psoc creator/import/gnu/arm/4.8.4/bin/../lib/gcc/arm-none-eabi/4.8.4/../../../../arm-none-eabi/lib/armv7-m\libg_s.a(lib_a-impure.o)
 .ARM.attributes
                0x000005a2       0x2d c:/program files (x86)/cypress/psoc creator/3.2/psoc creator/import/gnu/arm/4.8.4/bin/../lib/gcc/arm-none-eabi/4.8.4/../../../../arm-none-eabi/lib/armv7-m\libg_s.a(lib_a-init.o)
 .ARM.attributes
                0x000005cf       0x2d c:/program files (x86)/cypress/psoc creator/3.2/psoc creator/import/gnu/arm/4.8.4/bin/../lib/gcc/arm-none-eabi/4.8.4/../../../../arm-none-eabi/lib/armv7-m\libg_s.a(lib_a-memcpy-stub.o)
 .ARM.attributes
                0x000005fc       0x2d c:/program files (x86)/cypress/psoc creator/3.2/psoc creator/import/gnu/arm/4.8.4/bin/../lib/gcc/arm-none-eabi/4.8.4/../../../../arm-none-eabi/lib/armv7-m\libg_s.a(lib_a-memset.o)
 .ARM.attributes
                0x00000629       0x2d c:/program files (x86)/cypress/psoc creator/3.2/psoc creator/import/gnu/arm/4.8.4/bin/../lib/gcc/arm-none-eabi/4.8.4/../../../../arm-none-eabi/lib/armv7-m\libg_s.a(lib_a-sprintf.o)
 .ARM.attributes
                0x00000656       0x2d c:/program files (x86)/cypress/psoc creator/3.2/psoc creator/import/gnu/arm/4.8.4/bin/../lib/gcc/arm-none-eabi/4.8.4/../../../../arm-none-eabi/lib/armv7-m\libg_s.a(lib_a-svfprintf.o)
 .ARM.attributes
                0x00000683       0x2d c:/program files (x86)/cypress/psoc creator/3.2/psoc creator/import/gnu/arm/4.8.4/bin/../lib/gcc/arm-none-eabi/4.8.4/../../../../arm-none-eabi/lib/armv7-m\libg_s.a(lib_a-vfprintf_i.o)
 .ARM.attributes
                0x000006b0       0x2d c:/program files (x86)/cypress/psoc creator/3.2/psoc creator/import/gnu/arm/4.8.4/bin/../lib/gcc/arm-none-eabi/4.8.4/../../../../arm-none-eabi/lib/armv7-m\libg_s.a(lib_a-memchr-stub.o)
 .ARM.attributes
                0x000006dd       0x2d c:/program files (x86)/cypress/psoc creator/3.2/psoc creator/import/gnu/arm/4.8.4/bin/../lib/gcc/arm-none-eabi/4.8.4/../../../../arm-none-eabi/lib/armv7-m\libg_s.a(lib_a-memmove.o)
 .ARM.attributes
                0x0000070a       0x2d c:/program files (x86)/cypress/psoc creator/3.2/psoc creator/import/gnu/arm/4.8.4/bin/../lib/gcc/arm-none-eabi/4.8.4/../../../../arm-none-eabi/lib/armv7-m\libg_s.a(lib_a-nano-freer.o)
 .ARM.attributes
                0x00000737       0x2d c:/program files (x86)/cypress/psoc creator/3.2/psoc creator/import/gnu/arm/4.8.4/bin/../lib/gcc/arm-none-eabi/4.8.4/../../../../arm-none-eabi/lib/armv7-m\libg_s.a(lib_a-nano-mallocr.o)
 .ARM.attributes
                0x00000764       0x2d c:/program files (x86)/cypress/psoc creator/3.2/psoc creator/import/gnu/arm/4.8.4/bin/../lib/gcc/arm-none-eabi/4.8.4/../../../../arm-none-eabi/lib/armv7-m\libg_s.a(lib_a-nano-reallocr.o)
 .ARM.attributes
                0x00000791       0x2d c:/program files (x86)/cypress/psoc creator/3.2/psoc creator/import/gnu/arm/4.8.4/bin/../lib/gcc/arm-none-eabi/4.8.4/../../../../arm-none-eabi/lib/armv7-m\libg_s.a(lib_a-sbrkr.o)
 .ARM.attributes
                0x000007be       0x2d c:/program files (x86)/cypress/psoc creator/3.2/psoc creator/import/gnu/arm/4.8.4/bin/../lib/gcc/arm-none-eabi/4.8.4/../../../../arm-none-eabi/lib/armv7-m\libg_s.a(lib_a-strlen.o)
 .ARM.attributes
                0x000007eb       0x2d c:/program files (x86)/cypress/psoc creator/3.2/psoc creator/import/gnu/arm/4.8.4/bin/../lib/gcc/arm-none-eabi/4.8.4/../../../../arm-none-eabi/lib/armv7-m\libg_s.a(lib_a-nano-msizer.o)
 .ARM.attributes
                0x00000818       0x2d c:/program files (x86)/cypress/psoc creator/3.2/psoc creator/import/gnu/arm/4.8.4/bin/../lib/gcc/arm-none-eabi/4.8.4/../../../../arm-none-eabi/lib/armv7-m\libg_s.a(lib_a-reent.o)
 .ARM.attributes
                0x00000845       0x2d c:/program files (x86)/cypress/psoc creator/3.2/psoc creator/import/gnu/arm/4.8.4/bin/../lib/gcc/arm-none-eabi/4.8.4/armv7-m/crtend.o
 .ARM.attributes
                0x00000872       0x1d c:/program files (x86)/cypress/psoc creator/3.2/psoc creator/import/gnu/arm/4.8.4/bin/../lib/gcc/arm-none-eabi/4.8.4/armv7-m/crtn.o

/DISCARD/
 *(.note.GNU-stack)
OUTPUT(.\CortexM3\ARM_GCC_484\Debug\Test.elf elf32-littlearm)
