Archive member included because of file (symbol)

.\CortexM3\ARM_GCC_484\Debug\Test.a(cyfitter_cfg.o)
                              .\CortexM3\ARM_GCC_484\Debug\Cm3Start.o (cyfitter_cfg)
.\CortexM3\ARM_GCC_484\Debug\Test.a(EN_A_PWM.o)
                              .\CortexM3\ARM_GCC_484\Debug\motordriver.o (EN_A_PWM_WriteCompare)
.\CortexM3\ARM_GCC_484\Debug\Test.a(EN_B_PWM.o)
                              .\CortexM3\ARM_GCC_484\Debug\motordriver.o (EN_B_PWM_WriteCompare)
.\CortexM3\ARM_GCC_484\Debug\Test.a(Motor_A.o)
                              .\CortexM3\ARM_GCC_484\Debug\motordriver.o (Motor_A_Write)
.\CortexM3\ARM_GCC_484\Debug\Test.a(Motor_B.o)
                              .\CortexM3\ARM_GCC_484\Debug\motordriver.o (Motor_B_Write)
.\CortexM3\ARM_GCC_484\Debug\Test.a(CyBootAsmGnu.o)
                              .\CortexM3\ARM_GCC_484\Debug\Test.a(cyfitter_cfg.o) (CyDelayCycles)
.\CortexM3\ARM_GCC_484\Debug\Test.a(CyLib.o)
                              .\CortexM3\ARM_GCC_484\Debug\Cm3Start.o (CyHalt)
.\CortexM3\ARM_GCC_484\Debug\Test.a(cyPm.o)
                              .\CortexM3\ARM_GCC_484\Debug\Test.a(CyLib.o) (CyPmReadStatus)
.\CortexM3\ARM_GCC_484\Debug\Test.a(Servo_B.o)
                              .\CortexM3\ARM_GCC_484\Debug\Servo_Driver.o (Servo_B_WriteCompare1)
.\CortexM3\ARM_GCC_484\Debug\Test.a(Servo_A.o)
                              .\CortexM3\ARM_GCC_484\Debug\Servo_Driver.o (Servo_A_WriteCompare1)
.\CortexM3\ARM_GCC_484\Debug\Test.a(I2C.o)
                              .\CortexM3\ARM_GCC_484\Debug\main.o (I2C_Start)
.\CortexM3\ARM_GCC_484\Debug\Test.a(I2C_INT.o)
                              .\CortexM3\ARM_GCC_484\Debug\Test.a(I2C.o) (I2C_ISR)
.\CortexM3\ARM_GCC_484\Debug\Test.a(I2C_PM.o)
                              .\CortexM3\ARM_GCC_484\Debug\Test.a(I2C.o) (I2C_backup)
.\CortexM3\ARM_GCC_484\Debug\Test.a(I2C_MASTER.o)
                              .\CortexM3\ARM_GCC_484\Debug\Test.a(I2C.o) (I2C_mstrStatus)
.\CortexM3\ARM_GCC_484\Debug\Test.a(UART.o)
                              .\CortexM3\ARM_GCC_484\Debug\main.o (UART_Start)
.\CortexM3\ARM_GCC_484\Debug\Test.a(UART_INT.o)
                              .\CortexM3\ARM_GCC_484\Debug\Test.a(UART.o) (UART_RXISR)
.\CortexM3\ARM_GCC_484\Debug\Test.a(UART_IntClock.o)
                              .\CortexM3\ARM_GCC_484\Debug\Test.a(UART.o) (UART_IntClock_Start)
.\CortexM3\ARM_GCC_484\Debug\Test.a(CyFlash.o)
                              .\CortexM3\ARM_GCC_484\Debug\Test.a(cyPm.o) (CyFlash_SetWaitCycles)
.\CortexM3\ARM_GCC_484\Debug\Test.a(CySpc.o)
                              .\CortexM3\ARM_GCC_484\Debug\Test.a(CyFlash.o) (CySpcStart)
c:/program files (x86)/cypress/psoc creator/3.2/psoc creator/import/gnu/arm/4.8.4/bin/../lib/gcc/arm-none-eabi/4.8.4/../../../../arm-none-eabi/lib/armv7-m\libm.a(lib_a-w_atan2.o)
                              .\CortexM3\ARM_GCC_484\Debug\HMC5883L.o (atan2)
c:/program files (x86)/cypress/psoc creator/3.2/psoc creator/import/gnu/arm/4.8.4/bin/../lib/gcc/arm-none-eabi/4.8.4/../../../../arm-none-eabi/lib/armv7-m\libm.a(lib_a-e_atan2.o)
                              c:/program files (x86)/cypress/psoc creator/3.2/psoc creator/import/gnu/arm/4.8.4/bin/../lib/gcc/arm-none-eabi/4.8.4/../../../../arm-none-eabi/lib/armv7-m\libm.a(lib_a-w_atan2.o) (__ieee754_atan2)
c:/program files (x86)/cypress/psoc creator/3.2/psoc creator/import/gnu/arm/4.8.4/bin/../lib/gcc/arm-none-eabi/4.8.4/../../../../arm-none-eabi/lib/armv7-m\libm.a(lib_a-s_atan.o)
                              c:/program files (x86)/cypress/psoc creator/3.2/psoc creator/import/gnu/arm/4.8.4/bin/../lib/gcc/arm-none-eabi/4.8.4/../../../../arm-none-eabi/lib/armv7-m\libm.a(lib_a-e_atan2.o) (atan)
c:/program files (x86)/cypress/psoc creator/3.2/psoc creator/import/gnu/arm/4.8.4/bin/../lib/gcc/arm-none-eabi/4.8.4/../../../../arm-none-eabi/lib/armv7-m\libm.a(lib_a-s_fabs.o)
                              c:/program files (x86)/cypress/psoc creator/3.2/psoc creator/import/gnu/arm/4.8.4/bin/../lib/gcc/arm-none-eabi/4.8.4/../../../../arm-none-eabi/lib/armv7-m\libm.a(lib_a-e_atan2.o) (fabs)
c:/program files (x86)/cypress/psoc creator/3.2/psoc creator/import/gnu/arm/4.8.4/bin/../lib/gcc/arm-none-eabi/4.8.4/armv7-m\libgcc.a(_arm_addsubdf3.o)
                              c:/program files (x86)/cypress/psoc creator/3.2/psoc creator/import/gnu/arm/4.8.4/bin/../lib/gcc/arm-none-eabi/4.8.4/../../../../arm-none-eabi/lib/armv7-m\libm.a(lib_a-e_atan2.o) (__aeabi_dsub)
c:/program files (x86)/cypress/psoc creator/3.2/psoc creator/import/gnu/arm/4.8.4/bin/../lib/gcc/arm-none-eabi/4.8.4/armv7-m\libgcc.a(_arm_muldivdf3.o)
                              .\CortexM3\ARM_GCC_484\Debug\main.o (__aeabi_dmul)
c:/program files (x86)/cypress/psoc creator/3.2/psoc creator/import/gnu/arm/4.8.4/bin/../lib/gcc/arm-none-eabi/4.8.4/armv7-m\libgcc.a(_arm_cmpdf2.o)
                              .\CortexM3\ARM_GCC_484\Debug\main.o (__aeabi_dcmplt)
[...]
Memory Configuration

Name             Origin             Length             Attributes
rom              0x00000000         0x00040000         xr
ram              0x1fff8000         0x00010000         xrw
*default*        0x00000000         0xffffffff

Linker script and memory map

LOAD c:/program files (x86)/cypress/psoc creator/3.2/psoc creator/import/gnu/arm/4.8.4/bin/../lib/gcc/arm-none-eabi/4.8.4/armv7-m/crti.o
LOAD c:/program files (x86)/cypress/psoc creator/3.2/psoc creator/import/gnu/arm/4.8.4/bin/../lib/gcc/arm-none-eabi/4.8.4/armv7-m/crtbegin.o
LOAD c:/program files (x86)/cypress/psoc creator/3.2/psoc creator/import/gnu/arm/4.8.4/bin/../lib/gcc/arm-none-eabi/4.8.4/../../../../arm-none-eabi/lib/armv7-m/crt0.o
START GROUP
LOAD .\CortexM3\ARM_GCC_484\Debug\main.o
LOAD .\CortexM3\ARM_GCC_484\Debug\motordriver.o
LOAD .\CortexM3\ARM_GCC_484\Debug\Servo_Driver.o
LOAD .\CortexM3\ARM_GCC_484\Debug\HMC5883L.o
LOAD .\CortexM3\ARM_GCC_484\Debug\cymetadata.o
LOAD .\CortexM3\ARM_GCC_484\Debug\Cm3Start.o
LOAD .\CortexM3\ARM_GCC_484\Debug\Test.a
LOAD C:\Program Files (x86)\Cypress\PSoC Creator\3.2\PSoC Creator\psoc\content\cycomponentlibrary\CyComponentLibrary.cylib\CortexM3\ARM_GCC_484\Debug\CyComponentLibrary.a
LOAD c:/program files (x86)/cypress/psoc creator/3.2/psoc creator/import/gnu/arm/4.8.4/bin/../lib/gcc/arm-none-eabi/4.8.4/../../../../arm-none-eabi/lib/armv7-m\libm.a
END GROUP
START GROUP
LOAD c:/program files (x86)/cypress/psoc creator/3.2/psoc creator/import/gnu/arm/4.8.4/bin/../lib/gcc/arm-none-eabi/4.8.4/armv7-m\libgcc.a
LOAD c:/program files (x86)/cypress/psoc creator/3.2/psoc creator/import/gnu/arm/4.8.4/bin/../lib/gcc/arm-none-eabi/4.8.4/../../../../arm-none-eabi/lib/armv7-m\libg_s.a
LOAD c:/program files (x86)/cypress/psoc creator/3.2/psoc creator/import/gnu/arm/4.8.4/bin/../lib/gcc/arm-none-eabi/4.8.4/../../../../arm-none-eabi/lib/armv7-m\libc_s.a
END GROUP
START GROUP
LOAD c:/program files (x86)/cypress/psoc creator/3.2/psoc creator/import/gnu/arm/4.8.4/bin/../lib/gcc/arm-none-eabi/4.8.4/armv7-m\libgcc.a
LOAD c:/program files (x86)/cypress/psoc creator/3.2/psoc creator/import/gnu/arm/4.8.4/bin/../lib/gcc/arm-none-eabi/4.8.4/../../../../arm-none-eabi/lib/armv7-m\libc_s.a
END GROUP
LOAD c:/program files (x86)/cypress/psoc creator/3.2/psoc creator/import/gnu/arm/4.8.4/bin/../lib/gcc/arm-none-eabi/4.8.4/armv7-m/crtend.o
LOAD c:/program files (x86)/cypress/psoc creator/3.2/psoc creator/import/gnu/arm/4.8.4/bin/../lib/gcc/arm-none-eabi/4.8.4/armv7-m/crtn.o
START GROUP
LOAD c:/program files (x86)/cypress/psoc creator/3.2/psoc creator/import/gnu/arm/4.8.4/bin/../lib/gcc/arm-none-eabi/4.8.4/armv7-m\libgcc.a
LOAD c:/program files (x86)/cypress/psoc creator/3.2/psoc creator/import/gnu/arm/4.8.4/bin/../lib/gcc/arm-none-eabi/4.8.4/../../../../arm-none-eabi/lib/armv7-m\libc.a
LOAD c:/program files (x86)/cypress/psoc creator/3.2/psoc creator/import/gnu/arm/4.8.4/bin/../lib/gcc/arm-none-eabi/4.8.4/../../../../arm-none-eabi/lib/armv7-m\libnosys.a
END GROUP
                0x00000000                CY_APPL_ORIGIN = 0x0
                0x00000100                CY_FLASH_ROW_SIZE = 0x100
                0x00000020                CY_ECC_ROW_SIZE = 0x20
                0x00000000                CY_EE_IN_BTLDR = 0x0
                0x00000000                CY_APPL_LOADABLE = 0x0
                0x00000800                CY_EE_SIZE = 0x800
                0x00000001                CY_APPL_NUM = 0x1
                0x00000001                CY_APPL_MAX = 0x1
                0x00000040                CY_METADATA_SIZE = 0x40
                0x1fff81e0                PROVIDE (__cy_heap_start, _end)
                0x00000001                PROVIDE (__cy_region_num, ((__cy_regions_end - __cy_regions) / 0x10))
                0x20008000                PROVIDE (__cy_stack, (ORIGIN (ram) + 0x10000))
                0x20007800                PROVIDE (__cy_heap_end, (__cy_stack - 0x800))

.cybootloader   0x00000000        0x0
 *(.cybootloader)
                0x00000000                appl1_start = CY_APPL_ORIGIN?CY_APPL_ORIGIN:ALIGN (CY_FLASH_ROW_SIZE)
                0x0001ff00                appl2_start = (appl1_start + ALIGN ((((0x40000 - appl1_start) - (0x2 * CY_FLASH_ROW_SIZE)) / 0x2), CY_FLASH_ROW_SIZE))
                0x00000000                appl_start = (CY_APPL_NUM == 0x1)?appl1_start:appl2_start
                0x00000000                ecc_offset = ((appl_start / CY_FLASH_ROW_SIZE) * CY_ECC_ROW_SIZE)
                0x00000000                ee_offset = (CY_APPL_LOADABLE && ! (CY_EE_IN_BTLDR))?((CY_EE_SIZE / CY_APPL_MAX) * (CY_APPL_NUM - 0x1)):0x0
                0x00000800                ee_size = (CY_APPL_LOADABLE && ! (CY_EE_IN_BTLDR))?(CY_EE_SIZE / CY_APPL_MAX):CY_EE_SIZE
                0x00000000                PROVIDE (CY_ECC_OFFSET, ecc_offset)

.text           0x00000000     0x2a42
 CREATE_OBJECT_SYMBOLS
                0x00000000                PROVIDE (__cy_interrupt_vector, RomVectors)
 *(.romvectors)
 .romvectors    0x00000000       0x10 .\CortexM3\ARM_GCC_484\Debug\Cm3Start.o
                0x00000000                RomVectors
                0x00000001                ASSERT ((. != __cy_interrupt_vector), No interrupt vector)
                0x00000001                ASSERT (CY_APPL_ORIGIN?(SIZEOF (.cybootloader) <= CY_APPL_ORIGIN):0x1, Wrong image location)
                0x00000010                PROVIDE (__cy_reset, Reset)
 *(.text.Reset)
 .text.Reset    0x00000010       0x18 .\CortexM3\ARM_GCC_484\Debug\Cm3Start.o
                0x00000010                Reset
                0x00000001                ASSERT ((. != __cy_reset), No reset code)
 *(.dma_init)
                0x00000001                ASSERT ((((appl_start + .) <= 0x10000) || 0x1), DMA Init must be within the first 64k of flash)
 *(.text .text.* .gnu.linkonce.t.*)
 .text          0x00000028       0x54 c:/program files (x86)/cypress/psoc creator/3.2/psoc creator/import/gnu/arm/4.8.4/bin/../lib/gcc/arm-none-eabi/4.8.4/armv7-m/crtbegin.o
 .text.init     0x0000007c       0x20 .\CortexM3\ARM_GCC_484\Debug\main.o
                0x0000007c                init
 .text.servo_control
                0x0000009c       0xbc .\CortexM3\ARM_GCC_484\Debug\main.o
                0x0000009c                servo_control
 .text.main     0x00000158        0xc .\CortexM3\ARM_GCC_484\Debug\main.o
                0x00000158                main
 *fill*         0x00000164        0x4 
 .text.set_position
                0x00000168      0x100 .\CortexM3\ARM_GCC_484\Debug\Servo_Driver.o
                0x00000168                set_position
 .text.HMC5883L_Config
                0x00000268       0x3c .\CortexM3\ARM_GCC_484\Debug\HMC5883L.o
                0x00000268                HMC5883L_Config
 .text.getHeading
                0x000002a4       0x78 .\CortexM3\ARM_GCC_484\Debug\HMC5883L.o
                0x000002a4                getHeading
 *fill*         0x0000031c        0x4 
 .text.get_bearing
                0x00000320       0x98 .\CortexM3\ARM_GCC_484\Debug\HMC5883L.o
                0x00000320                get_bearing
 .text.IntDefaultHandler
                0x000003b8        0x4 .\CortexM3\ARM_GCC_484\Debug\Cm3Start.o
                0x000003b8                IntDefaultHandler
 .text._sbrk    0x000003bc       0x30 .\CortexM3\ARM_GCC_484\Debug\Cm3Start.o
                0x000003bc                _sbrk
 .text.Start_c  0x000003ec       0x4c .\CortexM3\ARM_GCC_484\Debug\Cm3Start.o
                0x000003ec                Start_c
 .text.initialize_psoc
                0x00000438       0x70 .\CortexM3\ARM_GCC_484\Debug\Cm3Start.o
                0x00000438                initialize_psoc
 .text.CyClockStartupError
                0x000004a8        0x4 .\CortexM3\ARM_GCC_484\Debug\Test.a(cyfitter_cfg.o)
 .text.cfg_write_bytes32
                0x000004ac       0x34 .\CortexM3\ARM_GCC_484\Debug\Test.a(cyfitter_cfg.o)
 .text.AnalogSetDefault
                0x000004e0       0x28 .\CortexM3\ARM_GCC_484\Debug\Test.a(cyfitter_cfg.o)
 .text.CYMEMZERO
                0x00000508        0xc .\CortexM3\ARM_GCC_484\Debug\Test.a(cyfitter_cfg.o)
 .text.ClockSetup
                0x00000514       0xe4 .\CortexM3\ARM_GCC_484\Debug\Test.a(cyfitter_cfg.o)
 .text.CYCONFIGCPY
                0x000005f8        0x8 .\CortexM3\ARM_GCC_484\Debug\Test.a(cyfitter_cfg.o)
 .text.cyfitter_cfg
                0x00000600      0x134 .\CortexM3\ARM_GCC_484\Debug\Test.a(cyfitter_cfg.o)
                0x00000600                cyfitter_cfg
 .text.EN_A_PWM_WriteCounter
                0x00000734        0xc .\CortexM3\ARM_GCC_484\Debug\Test.a(EN_A_PWM.o)
                0x00000734                EN_A_PWM_WriteCounter
 .text.EN_A_PWM_WritePeriod
                0x00000740        0xc .\CortexM3\ARM_GCC_484\Debug\Test.a(EN_A_PWM.o)
                0x00000740                EN_A_PWM_WritePeriod
 .text.EN_A_PWM_WriteCompare
                0x0000074c        0xc .\CortexM3\ARM_GCC_484\Debug\Test.a(EN_A_PWM.o)
                0x0000074c                EN_A_PWM_WriteCompare
 .text.EN_A_PWM_SetInterruptMode
                0x00000758        0xc .\CortexM3\ARM_GCC_484\Debug\Test.a(EN_A_PWM.o)
                0x00000758                EN_A_PWM_SetInterruptMode
 .text.EN_A_PWM_ReadStatusRegister
                0x00000764        0xc .\CortexM3\ARM_GCC_484\Debug\Test.a(EN_A_PWM.o)
                0x00000764                EN_A_PWM_ReadStatusRegister
 .text.EN_A_PWM_ReadCapture
                0x00000770        0xc .\CortexM3\ARM_GCC_484\Debug\Test.a(EN_A_PWM.o)
                0x00000770                EN_A_PWM_ReadCapture
 .text.EN_A_PWM_ClearFIFO
                0x0000077c       0x14 .\CortexM3\ARM_GCC_484\Debug\Test.a(EN_A_PWM.o)
                0x0000077c                EN_A_PWM_ClearFIFO
 .text.EN_A_PWM_Init
                0x00000790       0x54 .\CortexM3\ARM_GCC_484\Debug\Test.a(EN_A_PWM.o)
                0x00000790                EN_A_PWM_Init
 .text.EN_A_PWM_Start
                0x000007e4       0x18 .\CortexM3\ARM_GCC_484\Debug\Test.a(EN_A_PWM.o)
                0x000007e4                EN_A_PWM_Start
 .text.EN_B_PWM_WriteCounter
                0x000007fc        0xc .\CortexM3\ARM_GCC_484\Debug\Test.a(EN_B_PWM.o)
                0x000007fc                EN_B_PWM_WriteCounter
 .text.EN_B_PWM_WritePeriod
                0x00000808        0xc .\CortexM3\ARM_GCC_484\Debug\Test.a(EN_B_PWM.o)
                0x00000808                EN_B_PWM_WritePeriod
 .text.EN_B_PWM_WriteCompare
                0x00000814        0xc .\CortexM3\ARM_GCC_484\Debug\Test.a(EN_B_PWM.o)
                0x00000814                EN_B_PWM_WriteCompare
 .text.EN_B_PWM_SetInterruptMode
                0x00000820        0xc .\CortexM3\ARM_GCC_484\Debug\Test.a(EN_B_PWM.o)
                0x00000820                EN_B_PWM_SetInterruptMode
 .text.EN_B_PWM_ReadStatusRegister
                0x0000082c        0xc .\CortexM3\ARM_GCC_484\Debug\Test.a(EN_B_PWM.o)
                0x0000082c                EN_B_PWM_ReadStatusRegister
 .text.EN_B_PWM_ReadCapture
                0x00000838        0xc .\CortexM3\ARM_GCC_484\Debug\Test.a(EN_B_PWM.o)
                0x00000838                EN_B_PWM_ReadCapture
 .text.EN_B_PWM_ClearFIFO
                0x00000844       0x14 .\CortexM3\ARM_GCC_484\Debug\Test.a(EN_B_PWM.o)
                0x00000844                EN_B_PWM_ClearFIFO
 .text.EN_B_PWM_Init
                0x00000858       0x54 .\CortexM3\ARM_GCC_484\Debug\Test.a(EN_B_PWM.o)
                0x00000858                EN_B_PWM_Init
 .text.EN_B_PWM_Start
                0x000008ac       0x18 .\CortexM3\ARM_GCC_484\Debug\Test.a(EN_B_PWM.o)
                0x000008ac                EN_B_PWM_Start
 *fill*         0x000008c4        0x4 
 .text          0x000008c8       0x28 .\CortexM3\ARM_GCC_484\Debug\Test.a(CyBootAsmGnu.o)
                0x000008c8                CyDelayCycles
                0x000008dc                CyEnterCriticalSection
                0x000008e4                CyExitCriticalSection
 .text.CyHalt   0x000008f0        0x4 .\CortexM3\ARM_GCC_484\Debug\Test.a(CyLib.o)
                0x000008f0                CyHalt
 .text.CyDelay  0x000008f4       0x2c .\CortexM3\ARM_GCC_484\Debug\Test.a(CyLib.o)
                0x000008f4                CyDelay
 .text.CyIntSetVector
                0x00000920       0x28 .\CortexM3\ARM_GCC_484\Debug\Test.a(CyLib.o)
                0x00000920                CyIntSetVector
 .text.CyIntSetPriority
                0x00000948       0x30 .\CortexM3\ARM_GCC_484\Debug\Test.a(CyLib.o)
                0x00000948                CyIntSetPriority
 .text.Servo_B_Enable
                0x00000978       0x10 .\CortexM3\ARM_GCC_484\Debug\Test.a(Servo_B.o)
                0x00000978                Servo_B_Enable
 .text.Servo_B_WriteCounter
                0x00000988        0xc .\CortexM3\ARM_GCC_484\Debug\Test.a(Servo_B.o)
                0x00000988                Servo_B_WriteCounter
 .text.Servo_B_WritePeriod
                0x00000994        0xc .\CortexM3\ARM_GCC_484\Debug\Test.a(Servo_B.o)
                0x00000994                Servo_B_WritePeriod
 .text.Servo_B_WriteCompare1
                0x000009a0        0xc .\CortexM3\ARM_GCC_484\Debug\Test.a(Servo_B.o)
                0x000009a0                Servo_B_WriteCompare1
 .text.Servo_B_WriteCompare2
                0x000009ac        0xc .\CortexM3\ARM_GCC_484\Debug\Test.a(Servo_B.o)
                0x000009ac                Servo_B_WriteCompare2
 .text.Servo_B_Init
                0x000009b8       0x4c .\CortexM3\ARM_GCC_484\Debug\Test.a(Servo_B.o)
                0x000009b8                Servo_B_Init
 .text.Servo_B_Start
                0x00000a04       0x1c .\CortexM3\ARM_GCC_484\Debug\Test.a(Servo_B.o)
                0x00000a04                Servo_B_Start
 .text.Servo_A_Enable
                0x00000a20       0x10 .\CortexM3\ARM_GCC_484\Debug\Test.a(Servo_A.o)
                0x00000a20                Servo_A_Enable
 .text.Servo_A_WriteCounter
                0x00000a30        0xc .\CortexM3\ARM_GCC_484\Debug\Test.a(Servo_A.o)
                0x00000a30                Servo_A_WriteCounter
 .text.Servo_A_WritePeriod
                0x00000a3c        0xc .\CortexM3\ARM_GCC_484\Debug\Test.a(Servo_A.o)
                0x00000a3c                Servo_A_WritePeriod
 .text.Servo_A_WriteCompare1
                0x00000a48        0xc .\CortexM3\ARM_GCC_484\Debug\Test.a(Servo_A.o)
                0x00000a48                Servo_A_WriteCompare1
 .text.Servo_A_WriteCompare2
                0x00000a54        0xc .\CortexM3\ARM_GCC_484\Debug\Test.a(Servo_A.o)
                0x00000a54                Servo_A_WriteCompare2
 .text.Servo_A_Init
                0x00000a60       0x4c .\CortexM3\ARM_GCC_484\Debug\Test.a(Servo_A.o)
                0x00000a60                Servo_A_Init
 .text.Servo_A_Start
                0x00000aac       0x1c .\CortexM3\ARM_GCC_484\Debug\Test.a(Servo_A.o)
                0x00000aac                Servo_A_Start
 .text.I2C_Init
                0x00000ac8       0x68 .\CortexM3\ARM_GCC_484\Debug\Test.a(I2C.o)
                0x00000ac8                I2C_Init
 .text.I2C_Enable
                0x00000b30       0x24 .\CortexM3\ARM_GCC_484\Debug\Test.a(I2C.o)
                0x00000b30                I2C_Enable
 .text.I2C_Start
                0x00000b54       0x28 .\CortexM3\ARM_GCC_484\Debug\Test.a(I2C.o)
                0x00000b54                I2C_Start
 .text.I2C_ISR  0x00000b7c      0x2c8 .\CortexM3\ARM_GCC_484\Debug\Test.a(I2C_INT.o)
                0x00000b7c                I2C_ISR
 .text.I2C_MasterSendStart
                0x00000e44       0x80 .\CortexM3\ARM_GCC_484\Debug\Test.a(I2C_MASTER.o)
                0x00000e44                I2C_MasterSendStart
 .text.I2C_MasterSendRestart
                0x00000ec4       0x6c .\CortexM3\ARM_GCC_484\Debug\Test.a(I2C_MASTER.o)
                0x00000ec4                I2C_MasterSendRestart
 .text.I2C_MasterSendStop
                0x00000f30       0x38 .\CortexM3\ARM_GCC_484\Debug\Test.a(I2C_MASTER.o)
                0x00000f30                I2C_MasterSendStop
 .text.I2C_MasterWriteByte
                0x00000f68       0x58 .\CortexM3\ARM_GCC_484\Debug\Test.a(I2C_MASTER.o)
                0x00000f68                I2C_MasterWriteByte
 .text.I2C_MasterReadByte
                0x00000fc0       0x58 .\CortexM3\ARM_GCC_484\Debug\Test.a(I2C_MASTER.o)
                0x00000fc0                I2C_MasterReadByte
 .text.UART_Init
                0x00001018       0x44 .\CortexM3\ARM_GCC_484\Debug\Test.a(UART.o)
                0x00001018                UART_Init
 .text.UART_Enable
                0x0000105c       0x44 .\CortexM3\ARM_GCC_484\Debug\Test.a(UART.o)
                0x0000105c                UART_Enable
 .text.UART_Start
                0x000010a0       0x1c .\CortexM3\ARM_GCC_484\Debug\Test.a(UART.o)
                0x000010a0                UART_Start
 .text.UART_PutChar
                0x000010bc       0x18 .\CortexM3\ARM_GCC_484\Debug\Test.a(UART.o)
                0x000010bc                UART_PutChar
 .text.UART_PutArray
                0x000010d4       0x28 .\CortexM3\ARM_GCC_484\Debug\Test.a(UART.o)
                0x000010d4                UART_PutArray
 .text.UART_RXISR
                0x000010fc       0xac .\CortexM3\ARM_GCC_484\Debug\Test.a(UART_INT.o)
                0x000010fc                UART_RXISR
 .text.UART_IntClock_Start
                0x000011a8       0x1c .\CortexM3\ARM_GCC_484\Debug\Test.a(UART_IntClock.o)
                0x000011a8                UART_IntClock_Start
 .text.atan2    0x000011c4        0x4 c:/program files (x86)/cypress/psoc creator/3.2/psoc creator/import/gnu/arm/4.8.4/bin/../lib/gcc/arm-none-eabi/4.8.4/../../../../arm-none-eabi/lib/armv7-m\libm.a(lib_a-w_atan2.o)
                0x000011c4                atan2
 .text.__ieee754_atan2
                0x000011c8      0x1f0 c:/program files (x86)/cypress/psoc creator/3.2/psoc creator/import/gnu/arm/4.8.4/bin/../lib/gcc/arm-none-eabi/4.8.4/../../../../arm-none-eabi/lib/armv7-m\libm.a(lib_a-e_atan2.o)
                0x000011c8                __ieee754_atan2
 .text.atan     0x000013b8      0x350 c:/program files (x86)/cypress/psoc creator/3.2/psoc creator/import/gnu/arm/4.8.4/bin/../lib/gcc/arm-none-eabi/4.8.4/../../../../arm-none-eabi/lib/armv7-m\libm.a(lib_a-s_atan.o)
                0x000013b8                atan
 .text.fabs     0x00001708        0x8 c:/program files (x86)/cypress/psoc creator/3.2/psoc creator/import/gnu/arm/4.8.4/bin/../lib/gcc/arm-none-eabi/4.8.4/../../../../arm-none-eabi/lib/armv7-m\libm.a(lib_a-s_fabs.o)
                0x00001708                fabs
 .text          0x00001710      0x370 c:/program files (x86)/cypress/psoc creator/3.2/psoc creator/import/gnu/arm/4.8.4/bin/../lib/gcc/arm-none-eabi/4.8.4/armv7-m\libgcc.a(_arm_addsubdf3.o)
                0x00001710                __aeabi_drsub
                0x00001718                __aeabi_dsub
                0x00001718                __subdf3
                0x0000171c                __aeabi_dadd
                0x0000171c                __adddf3
                0x00001994                __floatunsidf
                0x00001994                __aeabi_ui2d
                0x000019b4                __floatsidf
                0x000019b4                __aeabi_i2d
                0x000019d8                __aeabi_f2d
                0x000019d8                __extendsfdf2
                0x00001a14                __floatundidf
                0x00001a14                __aeabi_ul2d
                0x00001a24                __floatdidf
                0x00001a24                __aeabi_l2d
 .text          0x00001a80      0x424 c:/program files (x86)/cypress/psoc creator/3.2/psoc creator/import/gnu/arm/4.8.4/bin/../lib/gcc/arm-none-eabi/4.8.4/armv7-m\libgcc.a(_arm_muldivdf3.o)
                0x00001a80                __aeabi_dmul
                0x00001a80                __muldf3
                0x00001cd4                __divdf3
                0x00001cd4                __aeabi_ddiv
 .text          0x00001ea4      0x110 c:/program files (x86)/cypress/psoc creator/3.2/psoc creator/import/gnu/arm/4.8.4/bin/../lib/gcc/arm-none-eabi/4.8.4/armv7-m\libgcc.a(_arm_cmpdf2.o)
                0x00001ea4                __gtdf2
                0x00001ea4                __gedf2
                0x00001eac                __ltdf2
                0x00001eac                __ledf2
                0x00001eb4                __nedf2
                0x00001eb4                __eqdf2
                0x00001eb4                __cmpdf2
                0x00001f30                __aeabi_cdrcmple
                0x00001f40                __aeabi_cdcmpeq
                0x00001f40                __aeabi_cdcmple
                0x00001f50                __aeabi_dcmpeq
                0x00001f64                __aeabi_dcmplt
                0x00001f78                __aeabi_dcmple
                0x00001f8c                __aeabi_dcmpge
                0x00001fa0                __aeabi_dcmpgt
 .text          0x00001fb4       0x50 c:/program files (x86)/cypress/psoc creator/3.2/psoc creator/import/gnu/arm/4.8.4/bin/../lib/gcc/arm-none-eabi/4.8.4/armv7-m\libgcc.a(_arm_fixdfsi.o)
                0x00001fb4                __aeabi_d2iz
                0x00001fb4                __fixdfsi
 .text          0x00002004       0x40 c:/program files (x86)/cypress/psoc creator/3.2/psoc creator/import/gnu/arm/4.8.4/bin/../lib/gcc/arm-none-eabi/4.8.4/armv7-m\libgcc.a(_arm_fixunsdfsi.o)
                0x00002004                __aeabi_d2uiz
                0x00002004                __fixunsdfsi
 .text          0x00002044       0xa0 c:/program files (x86)/cypress/psoc creator/3.2/psoc creator/import/gnu/arm/4.8.4/bin/../lib/gcc/arm-none-eabi/4.8.4/armv7-m\libgcc.a(_arm_truncdfsf2.o)
                0x00002044                __truncdfsf2
                0x00002044                __aeabi_d2f
 .text          0x000020e4       0xec c:/program files (x86)/cypress/psoc creator/3.2/psoc creator/import/gnu/arm/4.8.4/bin/../lib/gcc/arm-none-eabi/4.8.4/armv7-m\libgcc.a(_arm_cmpsf2.o)
                0x000020e4                __gesf2
                0x000020e4                __gtsf2
                0x000020ec                __lesf2
                0x000020ec                __ltsf2
                0x000020f4                __nesf2
                0x000020f4                __eqsf2
                0x000020f4                __cmpsf2
                0x00002154                __aeabi_cfrcmple
                0x0000215c                __aeabi_cfcmpeq
                0x0000215c                __aeabi_cfcmple
                0x0000216c                __aeabi_fcmpeq
                0x00002180                __aeabi_fcmplt
                0x00002194                __aeabi_fcmple
                0x000021a8                __aeabi_fcmpge
                0x000021bc                __aeabi_fcmpgt
 .text.__errno  0x000021d0        0xc c:/program files (x86)/cypress/psoc creator/3.2/psoc creator/import/gnu/arm/4.8.4/bin/../lib/gcc/arm-none-eabi/4.8.4/../../../../arm-none-eabi/lib/armv7-m\libg_s.a(lib_a-errno.o)
                0x000021d0                __errno
 .text.__libc_init_array
                0x000021dc       0x4c c:/program files (x86)/cypress/psoc creator/3.2/psoc creator/import/gnu/arm/4.8.4/bin/../lib/gcc/arm-none-eabi/4.8.4/../../../../arm-none-eabi/lib/armv7-m\libg_s.a(lib_a-init.o)
                0x000021dc                __libc_init_array
 .text.memcpy   0x00002228       0x12 c:/program files (x86)/cypress/psoc creator/3.2/psoc creator/import/gnu/arm/4.8.4/bin/../lib/gcc/arm-none-eabi/4.8.4/../../../../arm-none-eabi/lib/armv7-m\libg_s.a(lib_a-memcpy-stub.o)
                0x00002228                memcpy
 .text.memset   0x0000223a       0x10 c:/program files (x86)/cypress/psoc creator/3.2/psoc creator/import/gnu/arm/4.8.4/bin/../lib/gcc/arm-none-eabi/4.8.4/../../../../arm-none-eabi/lib/armv7-m\libg_s.a(lib_a-memset.o)
                0x0000223a                memset
 *fill*         0x0000224a        0x2 
 .text.sprintf  0x0000224c       0x48 c:/program files (x86)/cypress/psoc creator/3.2/psoc creator/import/gnu/arm/4.8.4/bin/../lib/gcc/arm-none-eabi/4.8.4/../../../../arm-none-eabi/lib/armv7-m\libg_s.a(lib_a-sprintf.o)
                0x0000224c                siprintf
                0x0000224c                sprintf
 .text.__ssputs_r
                0x00002294       0xb8 c:/program files (x86)/cypress/psoc creator/3.2/psoc creator/import/gnu/arm/4.8.4/bin/../lib/gcc/arm-none-eabi/4.8.4/../../../../arm-none-eabi/lib/armv7-m\libg_s.a(lib_a-svfprintf.o)
                0x00002294                __ssputs_r
 .text._svfprintf_r
                0x0000234c      0x1d8 c:/program files (x86)/cypress/psoc creator/3.2/psoc creator/import/gnu/arm/4.8.4/bin/../lib/gcc/arm-none-eabi/4.8.4/../../../../arm-none-eabi/lib/armv7-m\libg_s.a(lib_a-svfprintf.o)
                0x0000234c                _svfiprintf_r
                0x0000234c                _svfprintf_r
 .text._printf_common
                0x00002524       0xe4 c:/program files (x86)/cypress/psoc creator/3.2/psoc creator/import/gnu/arm/4.8.4/bin/../lib/gcc/arm-none-eabi/4.8.4/../../../../arm-none-eabi/lib/armv7-m\libg_s.a(lib_a-vfprintf_i.o)
                0x00002524                _printf_common
 .text._printf_i
                0x00002608      0x228 c:/program files (x86)/cypress/psoc creator/3.2/psoc creator/import/gnu/arm/4.8.4/bin/../lib/gcc/arm-none-eabi/4.8.4/../../../../arm-none-eabi/lib/armv7-m\libg_s.a(lib_a-vfprintf_i.o)
                0x00002608                _printf_i
 .text.memchr   0x00002830       0x1c c:/program files (x86)/cypress/psoc creator/3.2/psoc creator/import/gnu/arm/4.8.4/bin/../lib/gcc/arm-none-eabi/4.8.4/../../../../arm-none-eabi/lib/armv7-m\libg_s.a(lib_a-memchr-stub.o)
                0x00002830                memchr
 .text.memmove  0x0000284c       0x36 c:/program files (x86)/cypress/psoc creator/3.2/psoc creator/import/gnu/arm/4.8.4/bin/../lib/gcc/arm-none-eabi/4.8.4/../../../../arm-none-eabi/lib/armv7-m\libg_s.a(lib_a-memmove.o)
                0x0000284c                memmove
 *fill*         0x00002882        0x2 
 .text._free_r  0x00002884       0x88 c:/program files (x86)/cypress/psoc creator/3.2/psoc creator/import/gnu/arm/4.8.4/bin/../lib/gcc/arm-none-eabi/4.8.4/../../../../arm-none-eabi/lib/armv7-m\libg_s.a(lib_a-nano-freer.o)
                0x00002884                _free_r
 .text._malloc_r
                0x0000290c       0xa8 c:/program files (x86)/cypress/psoc creator/3.2/psoc creator/import/gnu/arm/4.8.4/bin/../lib/gcc/arm-none-eabi/4.8.4/../../../../arm-none-eabi/lib/armv7-m\libg_s.a(lib_a-nano-mallocr.o)
                0x0000290c                _malloc_r
 .text._realloc_r
                0x000029b4       0x4c c:/program files (x86)/cypress/psoc creator/3.2/psoc creator/import/gnu/arm/4.8.4/bin/../lib/gcc/arm-none-eabi/4.8.4/../../../../arm-none-eabi/lib/armv7-m\libg_s.a(lib_a-nano-reallocr.o)
                0x000029b4                _realloc_r
 .text._sbrk_r  0x00002a00       0x20 c:/program files (x86)/cypress/psoc creator/3.2/psoc creator/import/gnu/arm/4.8.4/bin/../lib/gcc/arm-none-eabi/4.8.4/../../../../arm-none-eabi/lib/armv7-m\libg_s.a(lib_a-sbrkr.o)
                0x00002a00                _sbrk_r
 .text.strlen   0x00002a20       0x10 c:/program files (x86)/cypress/psoc creator/3.2/psoc creator/import/gnu/arm/4.8.4/bin/../lib/gcc/arm-none-eabi/4.8.4/../../../../arm-none-eabi/lib/armv7-m\libg_s.a(lib_a-strlen.o)
                0x00002a20                strlen
 .text._malloc_usable_size_r
                0x00002a30       0x12 c:/program files (x86)/cypress/psoc creator/3.2/psoc creator/import/gnu/arm/4.8.4/bin/../lib/gcc/arm-none-eabi/4.8.4/../../../../arm-none-eabi/lib/armv7-m\libg_s.a(lib_a-nano-msizer.o)
                0x00002a30                _malloc_usable_size_r
 *(.plt)
 *(.gnu.warning)
 *(.glue_7t)
 .glue_7t       0x00000000        0x0 linker stubs
 *(.glue_7)
 .glue_7        0x00000000        0x0 linker stubs
 *(.vfp11_veneer)
 .vfp11_veneer  0x00000000        0x0 linker stubs
 *(.bootloader)
 *(.ARM.extab* .gnu.linkonce.armextab.*)
 *(.gcc_except_table)

.v4_bx          0x00002a44        0x0
 .v4_bx         0x00000000        0x0 linker stubs

.iplt           0x00002a44        0x0
 .iplt          0x00000000        0x0 c:/program files (x86)/cypress/psoc creator/3.2/psoc creator/import/gnu/arm/4.8.4/bin/../lib/gcc/arm-none-eabi/4.8.4/armv7-m/crtbegin.o

.eh_frame_hdr
 *(.eh_frame_hdr)

.eh_frame       0x00002a44        0x4
 *(.eh_frame)
 .eh_frame      0x00002a44        0x0 c:/program files (x86)/cypress/psoc creator/3.2/psoc creator/import/gnu/arm/4.8.4/bin/../lib/gcc/arm-none-eabi/4.8.4/armv7-m/crtbegin.o
 .eh_frame      0x00002a44        0x4 c:/program files (x86)/cypress/psoc creator/3.2/psoc creator/import/gnu/arm/4.8.4/bin/../lib/gcc/arm-none-eabi/4.8.4/armv7-m/crtend.o
                0x00002a48                PROVIDE (__exidx_start, .)

.ARM.exidx
 *(.ARM.exidx* .gnu.linkonce.armexidx.*)
                0x00002a48                __exidx_end = .

.rodata         0x00002a48      0x188
 *(.rodata .rodata.* .gnu.linkonce.r.*)
 .rodata.str1.4
                0x00002a48       0x7c .\CortexM3\ARM_GCC_484\Debug\main.o
 .rodata        0x00002ac4       0x58 .\CortexM3\ARM_GCC_484\Debug\Test.a(cyfitter_cfg.o)
 *fill*         0x00002b1c        0x4 
 .rodata.atanlo
                0x00002b20       0x20 c:/program files (x86)/cypress/psoc creator/3.2/psoc creator/import/gnu/arm/4.8.4/bin/../lib/gcc/arm-none-eabi/4.8.4/../../../../arm-none-eabi/lib/armv7-m\libm.a(lib_a-s_atan.o)
 .rodata.atanhi
                0x00002b40       0x20 c:/program files (x86)/cypress/psoc creator/3.2/psoc creator/import/gnu/arm/4.8.4/bin/../lib/gcc/arm-none-eabi/4.8.4/../../../../arm-none-eabi/lib/armv7-m\libm.a(lib_a-s_atan.o)
 .rodata.str1.1
                0x00002b60        0x2 c:/program files (x86)/cypress/psoc creator/3.2/psoc creator/import/gnu/arm/4.8.4/bin/../lib/gcc/arm-none-eabi/4.8.4/../../../../arm-none-eabi/lib/armv7-m\libg_s.a(lib_a-impure.o)
 .rodata.str1.1
                0x00002b62       0x11 c:/program files (x86)/cypress/psoc creator/3.2/psoc creator/import/gnu/arm/4.8.4/bin/../lib/gcc/arm-none-eabi/4.8.4/../../../../arm-none-eabi/lib/armv7-m\libg_s.a(lib_a-svfprintf.o)
 .rodata.str1.1
                0x00002b73       0x22 c:/program files (x86)/cypress/psoc creator/3.2/psoc creator/import/gnu/arm/4.8.4/bin/../lib/gcc/arm-none-eabi/4.8.4/../../../../arm-none-eabi/lib/armv7-m\libg_s.a(lib_a-vfprintf_i.o)
                0x00002b98                . = ALIGN (0x4)
 *fill*         0x00002b95        0x3 
 *(.init)
 .init          0x00002b98        0x4 c:/program files (x86)/cypress/psoc creator/3.2/psoc creator/import/gnu/arm/4.8.4/bin/../lib/gcc/arm-none-eabi/4.8.4/armv7-m/crti.o
                0x00002b98                _init
 .init          0x00002b9c        0x8 c:/program files (x86)/cypress/psoc creator/3.2/psoc creator/import/gnu/arm/4.8.4/bin/../lib/gcc/arm-none-eabi/4.8.4/armv7-m/crtn.o
                0x00002ba4                . = ALIGN (0x4)
                0x00002ba4                __preinit_array_start = .
 *(.preinit_array)
                0x00002ba4                __preinit_array_end = .
                0x00002ba4                . = ALIGN (0x4)
                0x00002ba4                __init_array_start = .
 *(SORT(.init_array.*))
 *(.init_array)
 .init_array    0x00002ba4        0x4 c:/program files (x86)/cypress/psoc creator/3.2/psoc creator/import/gnu/arm/4.8.4/bin/../lib/gcc/arm-none-eabi/4.8.4/armv7-m/crtbegin.o
 .init_array    0x00002ba8        0x4 .\CortexM3\ARM_GCC_484\Debug\Cm3Start.o
                0x00002bac                __init_array_end = .
                0x00002bac                . = ALIGN (0x4)
 *(.fini)
 .fini          0x00002bac        0x4 c:/program files (x86)/cypress/psoc creator/3.2/psoc creator/import/gnu/arm/4.8.4/bin/../lib/gcc/arm-none-eabi/4.8.4/armv7-m/crti.o
                0x00002bac                _fini
 .fini          0x00002bb0        0x8 c:/program files (x86)/cypress/psoc creator/3.2/psoc creator/import/gnu/arm/4.8.4/bin/../lib/gcc/arm-none-eabi/4.8.4/armv7-m/crtn.o
                0x00002bb8                . = ALIGN (0x4)
                0x00002bb8                __fini_array_start = .
 *(.fini_array)
 .fini_array    0x00002bb8        0x4 c:/program files (x86)/cypress/psoc creator/3.2/psoc creator/import/gnu/arm/4.8.4/bin/../lib/gcc/arm-none-eabi/4.8.4/armv7-m/crtbegin.o
 *(SORT(.fini_array.*))
                0x00002bbc                __fini_array_end = .
                0x00002bbc                . = ALIGN (0x4)
 *crtbegin.o(.ctors)
 *(EXCLUDE_FILE(*crtend.o) .ctors)
 *(SORT(.ctors.*))
 *crtend.o(.ctors)
                0x00002bbc                . = ALIGN (0x4)
 *crtbegin.o(.dtors)
 *(EXCLUDE_FILE(*crtend.o) .dtors)
 *(SORT(.dtors.*))
 *crtend.o(.dtors)
                0x00002bbc                . = ALIGN (0x4)
                0x00002bbc                __cy_regions = .
                0x00002bbc        0x4 LONG 0x2bd0 __cy_region_init_ram
                0x00002bc0        0x4 LONG 0x1fff8108 __cy_region_start_data
                0x00002bc4        0x4 LONG 0x80 __cy_region_init_size_ram
                0x00002bc8        0x4 LONG 0x58 __cy_region_zero_size_ram
                0x00002bcc                __cy_regions_end = .
                0x00002bd0                . = ALIGN (0x8)
 *fill*         0x00002bcc        0x4 
                0x00002bd0                _etext = .

.ramvectors     0x1fff8000      0x100
                0x1fff8000                __cy_region_start_ram = .
 *(.ramvectors)
 .ramvectors    0x1fff8000      0x100 .\CortexM3\ARM_GCC_484\Debug\Cm3Start.o
                0x1fff8000                CyRamVectors

.noinit         0x1fff8100        0x5
 *(.noinit)
 .noinit        0x1fff8100        0x4 .\CortexM3\ARM_GCC_484\Debug\Cm3Start.o
 .noinit        0x1fff8104        0x1 .\CortexM3\ARM_GCC_484\Debug\Test.a(CyLib.o)
                0x1fff8104                CyResetStatus

.data           0x1fff8108       0x80 load address 0x00002bd0
                0x1fff8108                __cy_region_start_data = .
 *(.jcr)
 .jcr           0x1fff8108        0x0 c:/program files (x86)/cypress/psoc creator/3.2/psoc creator/import/gnu/arm/4.8.4/bin/../lib/gcc/arm-none-eabi/4.8.4/armv7-m/crtbegin.o
 .jcr           0x1fff8108        0x4 c:/program files (x86)/cypress/psoc creator/3.2/psoc creator/import/gnu/arm/4.8.4/bin/../lib/gcc/arm-none-eabi/4.8.4/armv7-m/crtend.o
 *(.got.plt)
 *(.got)
 *(.shdata)
 *(.data .data.* .gnu.linkonce.d.*)
 .data          0x1fff810c        0x4 .\CortexM3\ARM_GCC_484\Debug\Cm3Start.o
 .data          0x1fff8110       0x10 .\CortexM3\ARM_GCC_484\Debug\Test.a(CyLib.o)
                0x1fff8110                cydelay_32k_ms
                0x1fff8114                cydelay_freq_khz
                0x1fff8118                cydelay_freq_mhz
                0x1fff811c                cydelay_freq_hz
 .data.impure_data
                0x1fff8120       0x60 c:/program files (x86)/cypress/psoc creator/3.2/psoc creator/import/gnu/arm/4.8.4/bin/../lib/gcc/arm-none-eabi/4.8.4/../../../../arm-none-eabi/lib/armv7-m\libg_s.a(lib_a-impure.o)
 .data._impure_ptr
                0x1fff8180        0x4 c:/program files (x86)/cypress/psoc creator/3.2/psoc creator/import/gnu/arm/4.8.4/bin/../lib/gcc/arm-none-eabi/4.8.4/../../../../arm-none-eabi/lib/armv7-m\libg_s.a(lib_a-impure.o)
                0x1fff8180                _impure_ptr
                0x1fff8188                . = ALIGN (0x8)
 *fill*         0x1fff8184        0x4 
 *(.ram)
                0x1fff8188                _edata = .

.igot.plt       0x1fff8188        0x0 load address 0x00002c50
 .igot.plt      0x00000000        0x0 c:/program files (x86)/cypress/psoc creator/3.2/psoc creator/import/gnu/arm/4.8.4/bin/../lib/gcc/arm-none-eabi/4.8.4/armv7-m/crtbegin.o

.bss            0x1fff8188       0x58 load address 0x00002c50
                0x1fff8188                PROVIDE (__bss_start__, .)
 *(.shbss)
 *(.bss .bss.* .gnu.linkonce.b.*)
 .bss           0x1fff8188       0x1c c:/program files (x86)/cypress/psoc creator/3.2/psoc creator/import/gnu/arm/4.8.4/bin/../lib/gcc/arm-none-eabi/4.8.4/armv7-m/crtbegin.o
 .bss           0x1fff81a4        0x1 .\CortexM3\ARM_GCC_484\Debug\Test.a(EN_A_PWM.o)
                0x1fff81a4                EN_A_PWM_initVar
 .bss           0x1fff81a5        0x1 .\CortexM3\ARM_GCC_484\Debug\Test.a(EN_B_PWM.o)
                0x1fff81a5                EN_B_PWM_initVar
 .bss           0x1fff81a6        0x1 .\CortexM3\ARM_GCC_484\Debug\Test.a(Servo_B.o)
                0x1fff81a6                Servo_B_initVar
 .bss           0x1fff81a7        0x1 .\CortexM3\ARM_GCC_484\Debug\Test.a(Servo_A.o)
                0x1fff81a7                Servo_A_initVar
 .bss           0x1fff81a8        0x1 .\CortexM3\ARM_GCC_484\Debug\Test.a(I2C.o)
                0x1fff81a8                I2C_initVar
 .bss           0x1fff81a9        0x7 .\CortexM3\ARM_GCC_484\Debug\Test.a(UART.o)
                0x1fff81a9                UART_errorStatus
                0x1fff81aa                UART_initVar
                0x1fff81ab                UART_rxBufferRead
                0x1fff81ac                UART_rxBufferWrite
                0x1fff81ad                UART_rxBufferLoopDetect
                0x1fff81ae                UART_rxBufferOverflow
 .bss.__malloc_sbrk_start
                0x1fff81b0        0x4 c:/program files (x86)/cypress/psoc creator/3.2/psoc creator/import/gnu/arm/4.8.4/bin/../lib/gcc/arm-none-eabi/4.8.4/../../../../arm-none-eabi/lib/armv7-m\libg_s.a(lib_a-nano-mallocr.o)
                0x1fff81b0                __malloc_sbrk_start
 .bss.__malloc_free_list
                0x1fff81b4        0x4 c:/program files (x86)/cypress/psoc creator/3.2/psoc creator/import/gnu/arm/4.8.4/bin/../lib/gcc/arm-none-eabi/4.8.4/../../../../arm-none-eabi/lib/armv7-m\libg_s.a(lib_a-nano-mallocr.o)
                0x1fff81b4                __malloc_free_list
 *(COMMON)
 COMMON         0x1fff81b8        0x1 .\CortexM3\ARM_GCC_484\Debug\Test.a(I2C.o)
                0x1fff81b8                I2C_state
 *fill*         0x1fff81b9        0x3 
 COMMON         0x1fff81bc       0x10 .\CortexM3\ARM_GCC_484\Debug\Test.a(I2C_MASTER.o)
                0x1fff81bc                I2C_mstrWrBufIndex
                0x1fff81bd                I2C_mstrWrBufSize
                0x1fff81be                I2C_mstrStatus
                0x1fff81c0                I2C_mstrRdBufPtr
                0x1fff81c4                I2C_mstrControl
                0x1fff81c5                I2C_mstrRdBufSize
                0x1fff81c6                I2C_mstrRdBufIndex
                0x1fff81c8                I2C_mstrWrBufPtr
 COMMON         0x1fff81cc        0x9 .\CortexM3\ARM_GCC_484\Debug\Test.a(UART.o)
                0x1fff81cc                UART_rxBuffer
 *fill*         0x1fff81d5        0x3 
 COMMON         0x1fff81d8        0x4 c:/program files (x86)/cypress/psoc creator/3.2/psoc creator/import/gnu/arm/4.8.4/bin/../lib/gcc/arm-none-eabi/4.8.4/../../../../arm-none-eabi/lib/armv7-m\libg_s.a(lib_a-reent.o)
                0x1fff81d8                errno
                0x1fff81e0                . = ALIGN (0x8)
 *fill*         0x1fff81dc        0x4 
 *(.ram.b)
                0x1fff81e0                _end = .
                0x1fff81e0                __end = .
                0x1fff81e0                PROVIDE (end, .)
                0x1fff81e0                PROVIDE (__bss_end__, .)
                0x00002bd0                __cy_region_init_ram = LOADADDR (.data)
                0x00000080                __cy_region_init_size_ram = (_edata - ADDR (.data))
                0x00000058                __cy_region_zero_size_ram = (_end - _edata)

.heap           0x1fff81e0       0x80 load address 0x00002c50
                0x1fff81e0                . = _end
                0x1fff8260                . = (. + 0x80)
 *fill*         0x1fff81e0       0x80 
                0x1fff8260                __cy_heap_limit = .

.stack          0x20007800      0x800
                0x20007800                __cy_stack_limit = .
                0x20008000                . = (. + 0x800)
 *fill*         0x20007800      0x800 
                0x00000001                ASSERT ((__cy_stack_limit >= __cy_heap_limit), region RAM overflowed with stack)

.cyloadermeta
 *(.cyloadermeta)

.cyloadablemeta
 *(.cyloadablemeta)

.cyconfigecc    0x80000000      0xaa8
 *(.cyconfigecc)
 .cyconfigecc   0x80000000      0xaa8 .\CortexM3\ARM_GCC_484\Debug\cymetadata.o
                0x80000000                cy_meta_configecc

.cycustnvl      0x90000000        0x4
 *(.cycustnvl)
 .cycustnvl     0x90000000        0x4 .\CortexM3\ARM_GCC_484\Debug\cymetadata.o
                0x90000000                cy_meta_custnvl

.cywolatch      0x90100000        0x4
 *(.cywolatch)
 .cywolatch     0x90100000        0x4 .\CortexM3\ARM_GCC_484\Debug\cymetadata.o
                0x90100000                cy_meta_wonvl

.cyeeprom       0x90200000        0x0
 *(.cyeeprom)
                0x00000001                ASSERT ((. <= ((0x90200000 + ee_offset) + ee_size)), .cyeeprom data will not fit in EEPROM)

.cyflashprotect
                0x90400000      0x100
 *(.cyflashprotect)
 .cyflashprotect
                0x90400000      0x100 .\CortexM3\ARM_GCC_484\Debug\cymetadata.o
                0x90400000                cy_meta_flashprotect

.cymeta         0x90500000        0xc
 *(.cymeta)
 .cymeta        0x90500000        0xc .\CortexM3\ARM_GCC_484\Debug\cymetadata.o
                0x90500000                cy_metadata

.rel.dyn        0x00002c50        0x0 load address 0x9050000c
 .rel.iplt      0x00000000        0x0 c:/program files (x86)/cypress/psoc creator/3.2/psoc creator/import/gnu/arm/4.8.4/bin/../lib/gcc/arm-none-eabi/4.8.4/armv7-m/crtbegin.o

.stab
 *(.stab)

.stabstr
 *(.stabstr)

.debug
 *(.debug)

.line
 *(.line)

.debug_srcinfo
 *(.debug_srcinfo)

.debug_sfnames
 *(.debug_sfnames)

.debug_aranges  0x00000000      0xb58
 *(.debug_aranges)
 .debug_aranges
                0x00000000       0x50 .\CortexM3\ARM_GCC_484\Debug\main.o
 .debug_aranges
                0x00000050       0x60 .\CortexM3\ARM_GCC_484\Debug\motordriver.o
 .debug_aranges
                0x000000b0       0x38 .\CortexM3\ARM_GCC_484\Debug\Servo_Driver.o
 .debug_aranges
                0x000000e8       0x60 .\CortexM3\ARM_GCC_484\Debug\HMC5883L.o
 .debug_aranges
                0x00000148       0x18 .\CortexM3\ARM_GCC_484\Debug\cymetadata.o
 .debug_aranges
                0x00000160       0x48 .\CortexM3\ARM_GCC_484\Debug\Cm3Start.o
 .debug_aranges
                0x000001a8       0x58 .\CortexM3\ARM_GCC_484\Debug\Test.a(cyfitter_cfg.o)
 .debug_aranges
                0x00000200       0x88 .\CortexM3\ARM_GCC_484\Debug\Test.a(EN_A_PWM.o)
 .debug_aranges
                0x00000288       0x88 .\CortexM3\ARM_GCC_484\Debug\Test.a(EN_B_PWM.o)
 .debug_aranges
                0x00000310       0x28 .\CortexM3\ARM_GCC_484\Debug\Test.a(Motor_A.o)
 .debug_aranges
                0x00000338       0x28 .\CortexM3\ARM_GCC_484\Debug\Test.a(Motor_B.o)
 .debug_aranges
                0x00000360       0x20 .\CortexM3\ARM_GCC_484\Debug\Test.a(CyBootAsmGnu.o)
 .debug_aranges
                0x00000380      0x298 .\CortexM3\ARM_GCC_484\Debug\Test.a(CyLib.o)
 .debug_aranges
                0x00000618       0x98 .\CortexM3\ARM_GCC_484\Debug\Test.a(cyPm.o)
 .debug_aranges
                0x000006b0       0x90 .\CortexM3\ARM_GCC_484\Debug\Test.a(Servo_B.o)
 .debug_aranges
                0x00000740       0x90 .\CortexM3\ARM_GCC_484\Debug\Test.a(Servo_A.o)
 .debug_aranges
                0x000007d0       0x38 .\CortexM3\ARM_GCC_484\Debug\Test.a(I2C.o)
 .debug_aranges
                0x00000808       0x20 .\CortexM3\ARM_GCC_484\Debug\Test.a(I2C_INT.o)
 .debug_aranges
                0x00000828       0x38 .\CortexM3\ARM_GCC_484\Debug\Test.a(I2C_PM.o)
 .debug_aranges
                0x00000860       0x80 .\CortexM3\ARM_GCC_484\Debug\Test.a(I2C_MASTER.o)
 .debug_aranges
                0x000008e0       0xf0 .\CortexM3\ARM_GCC_484\Debug\Test.a(UART.o)
 .debug_aranges
                0x000009d0       0x20 .\CortexM3\ARM_GCC_484\Debug\Test.a(UART_INT.o)
 .debug_aranges
                0x000009f0       0x70 .\CortexM3\ARM_GCC_484\Debug\Test.a(UART_IntClock.o)
 .debug_aranges
                0x00000a60       0x80 .\CortexM3\ARM_GCC_484\Debug\Test.a(CyFlash.o)
 .debug_aranges
                0x00000ae0       0x78 .\CortexM3\ARM_GCC_484\Debug\Test.a(CySpc.o)

.debug_pubnames
 *(.debug_pubnames)

.debug_info     0x00000000     0x6c50
 *(.debug_info .gnu.linkonce.wi.*)
 .debug_info    0x00000000      0x69b .\CortexM3\ARM_GCC_484\Debug\main.o
 .debug_info    0x0000069b      0x3b0 .\CortexM3\ARM_GCC_484\Debug\motordriver.o
 .debug_info    0x00000a4b      0x23e .\CortexM3\ARM_GCC_484\Debug\Servo_Driver.o
 .debug_info    0x00000c89      0x92e .\CortexM3\ARM_GCC_484\Debug\HMC5883L.o
 .debug_info    0x000015b7      0x13e .\CortexM3\ARM_GCC_484\Debug\cymetadata.o
 .debug_info    0x000016f5      0x39f .\CortexM3\ARM_GCC_484\Debug\Cm3Start.o
 .debug_info    0x00001a94      0x5da .\CortexM3\ARM_GCC_484\Debug\Test.a(cyfitter_cfg.o)
 .debug_info    0x0000206e      0x2e7 .\CortexM3\ARM_GCC_484\Debug\Test.a(EN_A_PWM.o)
 .debug_info    0x00002355      0x2e7 .\CortexM3\ARM_GCC_484\Debug\Test.a(EN_B_PWM.o)
 .debug_info    0x0000263c       0xd5 .\CortexM3\ARM_GCC_484\Debug\Test.a(Motor_A.o)
 .debug_info    0x00002711       0xd5 .\CortexM3\ARM_GCC_484\Debug\Test.a(Motor_B.o)
 .debug_info    0x000027e6       0x87 .\CortexM3\ARM_GCC_484\Debug\Test.a(CyBootAsmGnu.o)
 .debug_info    0x0000286d     0x1373 .\CortexM3\ARM_GCC_484\Debug\Test.a(CyLib.o)
 .debug_info    0x00003be0      0xa56 .\CortexM3\ARM_GCC_484\Debug\Test.a(cyPm.o)
 .debug_info    0x00004636      0x2e0 .\CortexM3\ARM_GCC_484\Debug\Test.a(Servo_B.o)
 .debug_info    0x00004916      0x2e0 .\CortexM3\ARM_GCC_484\Debug\Test.a(Servo_A.o)
 .debug_info    0x00004bf6      0x2d8 .\CortexM3\ARM_GCC_484\Debug\Test.a(I2C.o)
 .debug_info    0x00004ece      0x17d .\CortexM3\ARM_GCC_484\Debug\Test.a(I2C_INT.o)
 .debug_info    0x0000504b      0x1fb .\CortexM3\ARM_GCC_484\Debug\Test.a(I2C_PM.o)
 .debug_info    0x00005246      0x3fe .\CortexM3\ARM_GCC_484\Debug\Test.a(I2C_MASTER.o)
 .debug_info    0x00005644      0x74d .\CortexM3\ARM_GCC_484\Debug\Test.a(UART.o)
 .debug_info    0x00005d91      0x144 .\CortexM3\ARM_GCC_484\Debug\Test.a(UART_INT.o)
 .debug_info    0x00005ed5      0x283 .\CortexM3\ARM_GCC_484\Debug\Test.a(UART_IntClock.o)
 .debug_info    0x00006158      0x60a .\CortexM3\ARM_GCC_484\Debug\Test.a(CyFlash.o)
 .debug_info    0x00006762      0x4ee .\CortexM3\ARM_GCC_484\Debug\Test.a(CySpc.o)

.debug_abbrev   0x00000000     0x2190
 *(.debug_abbrev)
 .debug_abbrev  0x00000000      0x22a .\CortexM3\ARM_GCC_484\Debug\main.o
 .debug_abbrev  0x0000022a      0x10c .\CortexM3\ARM_GCC_484\Debug\motordriver.o
 .debug_abbrev  0x00000336      0x179 .\CortexM3\ARM_GCC_484\Debug\Servo_Driver.o
 .debug_abbrev  0x000004af      0x1d7 .\CortexM3\ARM_GCC_484\Debug\HMC5883L.o
 .debug_abbrev  0x00000686       0x77 .\CortexM3\ARM_GCC_484\Debug\cymetadata.o
 .debug_abbrev  0x000006fd      0x20d .\CortexM3\ARM_GCC_484\Debug\Cm3Start.o
 .debug_abbrev  0x0000090a      0x21b .\CortexM3\ARM_GCC_484\Debug\Test.a(cyfitter_cfg.o)
 .debug_abbrev  0x00000b25      0x12f .\CortexM3\ARM_GCC_484\Debug\Test.a(EN_A_PWM.o)
 .debug_abbrev  0x00000c54      0x12f .\CortexM3\ARM_GCC_484\Debug\Test.a(EN_B_PWM.o)
 .debug_abbrev  0x00000d83       0x8e .\CortexM3\ARM_GCC_484\Debug\Test.a(Motor_A.o)
 .debug_abbrev  0x00000e11       0x8e .\CortexM3\ARM_GCC_484\Debug\Test.a(Motor_B.o)
 .debug_abbrev  0x00000e9f       0x14 .\CortexM3\ARM_GCC_484\Debug\Test.a(CyBootAsmGnu.o)
 .debug_abbrev  0x00000eb3      0x296 .\CortexM3\ARM_GCC_484\Debug\Test.a(CyLib.o)
 .debug_abbrev  0x00001149      0x1fa .\CortexM3\ARM_GCC_484\Debug\Test.a(cyPm.o)
 .debug_abbrev  0x00001343      0x13a .\CortexM3\ARM_GCC_484\Debug\Test.a(Servo_B.o)
 .debug_abbrev  0x0000147d      0x13a .\CortexM3\ARM_GCC_484\Debug\Test.a(Servo_A.o)
 .debug_abbrev  0x000015b7      0x15c .\CortexM3\ARM_GCC_484\Debug\Test.a(I2C.o)
 .debug_abbrev  0x00001713       0xca .\CortexM3\ARM_GCC_484\Debug\Test.a(I2C_INT.o)
 .debug_abbrev  0x000017dd      0x12b .\CortexM3\ARM_GCC_484\Debug\Test.a(I2C_PM.o)
 .debug_abbrev  0x00001908      0x149 .\CortexM3\ARM_GCC_484\Debug\Test.a(I2C_MASTER.o)
 .debug_abbrev  0x00001a51      0x1c5 .\CortexM3\ARM_GCC_484\Debug\Test.a(UART.o)
 .debug_abbrev  0x00001c16       0x97 .\CortexM3\ARM_GCC_484\Debug\Test.a(UART_INT.o)
 .debug_abbrev  0x00001cad      0x137 .\CortexM3\ARM_GCC_484\Debug\Test.a(UART_IntClock.o)
 .debug_abbrev  0x00001de4      0x1de .\CortexM3\ARM_GCC_484\Debug\Test.a(CyFlash.o)
 .debug_abbrev  0x00001fc2      0x1ce .\CortexM3\ARM_GCC_484\Debug\Test.a(CySpc.o)

.debug_line     0x00000000     0x2f00
 *(.debug_line)
 .debug_line    0x00000000      0x32b .\CortexM3\ARM_GCC_484\Debug\main.o
 .debug_line    0x0000032b      0x236 .\CortexM3\ARM_GCC_484\Debug\motordriver.o
 .debug_line    0x00000561      0x1dd .\CortexM3\ARM_GCC_484\Debug\Servo_Driver.o
 .debug_line    0x0000073e      0x264 .\CortexM3\ARM_GCC_484\Debug\HMC5883L.o
 .debug_line    0x000009a2       0x53 .\CortexM3\ARM_GCC_484\Debug\cymetadata.o
 .debug_line    0x000009f5      0x238 .\CortexM3\ARM_GCC_484\Debug\Cm3Start.o
 .debug_line    0x00000c2d      0x202 .\CortexM3\ARM_GCC_484\Debug\Test.a(cyfitter_cfg.o)
 .debug_line    0x00000e2f      0x165 .\CortexM3\ARM_GCC_484\Debug\Test.a(EN_A_PWM.o)
 .debug_line    0x00000f94      0x165 .\CortexM3\ARM_GCC_484\Debug\Test.a(EN_B_PWM.o)
 .debug_line    0x000010f9       0x71 .\CortexM3\ARM_GCC_484\Debug\Test.a(Motor_A.o)
 .debug_line    0x0000116a       0x71 .\CortexM3\ARM_GCC_484\Debug\Test.a(Motor_B.o)
 .debug_line    0x000011db       0x68 .\CortexM3\ARM_GCC_484\Debug\Test.a(CyBootAsmGnu.o)
 .debug_line    0x00001243      0x818 .\CortexM3\ARM_GCC_484\Debug\Test.a(CyLib.o)
 .debug_line    0x00001a5b      0x366 .\CortexM3\ARM_GCC_484\Debug\Test.a(cyPm.o)
 .debug_line    0x00001dc1      0x165 .\CortexM3\ARM_GCC_484\Debug\Test.a(Servo_B.o)
 .debug_line    0x00001f26      0x165 .\CortexM3\ARM_GCC_484\Debug\Test.a(Servo_A.o)
 .debug_line    0x0000208b       0xdb .\CortexM3\ARM_GCC_484\Debug\Test.a(I2C.o)
 .debug_line    0x00002166      0x116 .\CortexM3\ARM_GCC_484\Debug\Test.a(I2C_INT.o)
 .debug_line    0x0000227c       0xbd .\CortexM3\ARM_GCC_484\Debug\Test.a(I2C_PM.o)
 .debug_line    0x00002339      0x209 .\CortexM3\ARM_GCC_484\Debug\Test.a(I2C_MASTER.o)
 .debug_line    0x00002542      0x30f .\CortexM3\ARM_GCC_484\Debug\Test.a(UART.o)
 .debug_line    0x00002851       0x97 .\CortexM3\ARM_GCC_484\Debug\Test.a(UART_INT.o)
 .debug_line    0x000028e8      0x19d .\CortexM3\ARM_GCC_484\Debug\Test.a(UART_IntClock.o)
 .debug_line    0x00002a85      0x233 .\CortexM3\ARM_GCC_484\Debug\Test.a(CyFlash.o)
 .debug_line    0x00002cb8      0x248 .\CortexM3\ARM_GCC_484\Debug\Test.a(CySpc.o)

.debug_frame    0x00000000     0x1fc8
 *(.debug_frame)
 .debug_frame   0x00000000      0x108 .\CortexM3\ARM_GCC_484\Debug\main.o
 .debug_frame   0x00000108      0x10c .\CortexM3\ARM_GCC_484\Debug\motordriver.o
 .debug_frame   0x00000214       0x74 .\CortexM3\ARM_GCC_484\Debug\Servo_Driver.o
 .debug_frame   0x00000288      0x148 .\CortexM3\ARM_GCC_484\Debug\HMC5883L.o
 .debug_frame   0x000003d0       0xac .\CortexM3\ARM_GCC_484\Debug\Cm3Start.o
 .debug_frame   0x0000047c       0xe0 .\CortexM3\ARM_GCC_484\Debug\Test.a(cyfitter_cfg.o)
 .debug_frame   0x0000055c      0x114 .\CortexM3\ARM_GCC_484\Debug\Test.a(EN_A_PWM.o)
 .debug_frame   0x00000670      0x114 .\CortexM3\ARM_GCC_484\Debug\Test.a(EN_B_PWM.o)
 .debug_frame   0x00000784       0x30 .\CortexM3\ARM_GCC_484\Debug\Test.a(Motor_A.o)
 .debug_frame   0x000007b4       0x30 .\CortexM3\ARM_GCC_484\Debug\Test.a(Motor_B.o)
 .debug_frame   0x000007e4      0x730 .\CortexM3\ARM_GCC_484\Debug\Test.a(CyLib.o)
 .debug_frame   0x00000f14      0x1fc .\CortexM3\ARM_GCC_484\Debug\Test.a(cyPm.o)
 .debug_frame   0x00001110      0x118 .\CortexM3\ARM_GCC_484\Debug\Test.a(Servo_B.o)
 .debug_frame   0x00001228      0x118 .\CortexM3\ARM_GCC_484\Debug\Test.a(Servo_A.o)
 .debug_frame   0x00001340       0x94 .\CortexM3\ARM_GCC_484\Debug\Test.a(I2C.o)
 .debug_frame   0x000013d4       0x30 .\CortexM3\ARM_GCC_484\Debug\Test.a(I2C_INT.o)
 .debug_frame   0x00001404       0x74 .\CortexM3\ARM_GCC_484\Debug\Test.a(I2C_PM.o)
 .debug_frame   0x00001478       0xf8 .\CortexM3\ARM_GCC_484\Debug\Test.a(I2C_MASTER.o)
 .debug_frame   0x00001570      0x240 .\CortexM3\ARM_GCC_484\Debug\Test.a(UART.o)
 .debug_frame   0x000017b0       0x38 .\CortexM3\ARM_GCC_484\Debug\Test.a(UART_INT.o)
 .debug_frame   0x000017e8       0xe0 .\CortexM3\ARM_GCC_484\Debug\Test.a(UART_IntClock.o)
 .debug_frame   0x000018c8      0x17c .\CortexM3\ARM_GCC_484\Debug\Test.a(CyFlash.o)
 .debug_frame   0x00001a44      0x148 .\CortexM3\ARM_GCC_484\Debug\Test.a(CySpc.o)
 .debug_frame   0x00001b8c       0x20 c:/program files (x86)/cypress/psoc creator/3.2/psoc creator/import/gnu/arm/4.8.4/bin/../lib/gcc/arm-none-eabi/4.8.4/../../../../arm-none-eabi/lib/armv7-m\libm.a(lib_a-w_atan2.o)
 .debug_frame   0x00001bac       0x38 c:/program files (x86)/cypress/psoc creator/3.2/psoc creator/import/gnu/arm/4.8.4/bin/../lib/gcc/arm-none-eabi/4.8.4/../../../../arm-none-eabi/lib/armv7-m\libm.a(lib_a-e_atan2.o)
 .debug_frame   0x00001be4       0x38 c:/program files (x86)/cypress/psoc creator/3.2/psoc creator/import/gnu/arm/4.8.4/bin/../lib/gcc/arm-none-eabi/4.8.4/../../../../arm-none-eabi/lib/armv7-m\libm.a(lib_a-s_atan.o)
 .debug_frame   0x00001c1c       0x20 c:/program files (x86)/cypress/psoc creator/3.2/psoc creator/import/gnu/arm/4.8.4/bin/../lib/gcc/arm-none-eabi/4.8.4/../../../../arm-none-eabi/lib/armv7-m\libm.a(lib_a-s_fabs.o)
 .debug_frame   0x00001c3c       0x20 c:/program files (x86)/cypress/psoc creator/3.2/psoc creator/import/gnu/arm/4.8.4/bin/../lib/gcc/arm-none-eabi/4.8.4/../../../../arm-none-eabi/lib/armv7-m\libg_s.a(lib_a-errno.o)
 .debug_frame   0x00001c5c       0x28 c:/program files (x86)/cypress/psoc creator/3.2/psoc creator/import/gnu/arm/4.8.4/bin/../lib/gcc/arm-none-eabi/4.8.4/../../../../arm-none-eabi/lib/armv7-m\libg_s.a(lib_a-exit.o)
 .debug_frame   0x00001c84       0x2c c:/program files (x86)/cypress/psoc creator/3.2/psoc creator/import/gnu/arm/4.8.4/bin/../lib/gcc/arm-none-eabi/4.8.4/../../../../arm-none-eabi/lib/armv7-m\libg_s.a(lib_a-init.o)
 .debug_frame   0x00001cb0       0x28 c:/program files (x86)/cypress/psoc creator/3.2/psoc creator/import/gnu/arm/4.8.4/bin/../lib/gcc/arm-none-eabi/4.8.4/../../../../arm-none-eabi/lib/armv7-m\libg_s.a(lib_a-memcpy-stub.o)
 .debug_frame   0x00001cd8       0x20 c:/program files (x86)/cypress/psoc creator/3.2/psoc creator/import/gnu/arm/4.8.4/bin/../lib/gcc/arm-none-eabi/4.8.4/../../../../arm-none-eabi/lib/armv7-m\libg_s.a(lib_a-memset.o)
 .debug_frame   0x00001cf8       0x58 c:/program files (x86)/cypress/psoc creator/3.2/psoc creator/import/gnu/arm/4.8.4/bin/../lib/gcc/arm-none-eabi/4.8.4/../../../../arm-none-eabi/lib/armv7-m\libg_s.a(lib_a-sprintf.o)
 .debug_frame   0x00001d50       0x88 c:/program files (x86)/cypress/psoc creator/3.2/psoc creator/import/gnu/arm/4.8.4/bin/../lib/gcc/arm-none-eabi/4.8.4/../../../../arm-none-eabi/lib/armv7-m\libg_s.a(lib_a-svfprintf.o)
 .debug_frame   0x00001dd8       0x60 c:/program files (x86)/cypress/psoc creator/3.2/psoc creator/import/gnu/arm/4.8.4/bin/../lib/gcc/arm-none-eabi/4.8.4/../../../../arm-none-eabi/lib/armv7-m\libg_s.a(lib_a-vfprintf_i.o)
 .debug_frame   0x00001e38       0x28 c:/program files (x86)/cypress/psoc creator/3.2/psoc creator/import/gnu/arm/4.8.4/bin/../lib/gcc/arm-none-eabi/4.8.4/../../../../arm-none-eabi/lib/armv7-m\libg_s.a(lib_a-memchr-stub.o)
 .debug_frame   0x00001e60       0x2c c:/program files (x86)/cypress/psoc creator/3.2/psoc creator/import/gnu/arm/4.8.4/bin/../lib/gcc/arm-none-eabi/4.8.4/../../../../arm-none-eabi/lib/armv7-m\libg_s.a(lib_a-memmove.o)
 .debug_frame   0x00001e8c       0x2c c:/program files (x86)/cypress/psoc creator/3.2/psoc creator/import/gnu/arm/4.8.4/bin/../lib/gcc/arm-none-eabi/4.8.4/../../../../arm-none-eabi/lib/armv7-m\libg_s.a(lib_a-nano-freer.o)
 .debug_frame   0x00001eb8       0x2c c:/program files (x86)/cypress/psoc creator/3.2/psoc creator/import/gnu/arm/4.8.4/bin/../lib/gcc/arm-none-eabi/4.8.4/../../../../arm-none-eabi/lib/armv7-m\libg_s.a(lib_a-nano-mallocr.o)
 .debug_frame   0x00001ee4       0x30 c:/program files (x86)/cypress/psoc creator/3.2/psoc creator/import/gnu/arm/4.8.4/bin/../lib/gcc/arm-none-eabi/4.8.4/../../../../arm-none-eabi/lib/armv7-m\libg_s.a(lib_a-nano-reallocr.o)
 .debug_frame   0x00001f14       0x2c c:/program files (x86)/cypress/psoc creator/3.2/psoc creator/import/gnu/arm/4.8.4/bin/../lib/gcc/arm-none-eabi/4.8.4/../../../../arm-none-eabi/lib/armv7-m\libg_s.a(lib_a-sbrkr.o)
 .debug_frame   0x00001f40       0x20 c:/program files (x86)/cypress/psoc creator/3.2/psoc creator/import/gnu/arm/4.8.4/bin/../lib/gcc/arm-none-eabi/4.8.4/../../../../arm-none-eabi/lib/armv7-m\libg_s.a(lib_a-strlen.o)
 .debug_frame   0x00001f60       0x20 c:/program files (x86)/cypress/psoc creator/3.2/psoc creator/import/gnu/arm/4.8.4/bin/../lib/gcc/arm-none-eabi/4.8.4/../../../../arm-none-eabi/lib/armv7-m\libg_s.a(lib_a-nano-msizer.o)
 .debug_frame   0x00001f80       0x48 c:/program files (x86)/cypress/psoc creator/3.2/psoc creator/import/gnu/arm/4.8.4/bin/../lib/gcc/arm-none-eabi/4.8.4/../../../../arm-none-eabi/lib/armv7-m\libg_s.a(lib_a-reent.o)

.debug_str      0x00000000     0x232b
 *(.debug_str)
 .debug_str     0x00000000      0x2f4 .\CortexM3\ARM_GCC_484\Debug\main.o
                                0x363 (size before relaxing)
 .debug_str     0x000002f4       0xc9 .\CortexM3\ARM_GCC_484\Debug\motordriver.o
                                0x273 (size before relaxing)
 .debug_str     0x000003bd       0xb0 .\CortexM3\ARM_GCC_484\Debug\Servo_Driver.o
                                0x28f (size before relaxing)
 .debug_str     0x0000046d       0xf2 .\CortexM3\ARM_GCC_484\Debug\HMC5883L.o
                                0x2dc (size before relaxing)
 .debug_str     0x0000055f       0x77 .\CortexM3\ARM_GCC_484\Debug\cymetadata.o
                                0x1cf (size before relaxing)
 .debug_str     0x000005d6      0x160 .\CortexM3\ARM_GCC_484\Debug\Cm3Start.o
                                0x2e3 (size before relaxing)
 .debug_str     0x00000736      0x185 .\CortexM3\ARM_GCC_484\Debug\Test.a(cyfitter_cfg.o)
                                0x31d (size before relaxing)
 .debug_str     0x000008bb      0x192 .\CortexM3\ARM_GCC_484\Debug\Test.a(EN_A_PWM.o)
                                0x321 (size before relaxing)
 .debug_str     0x00000a4d      0x140 .\CortexM3\ARM_GCC_484\Debug\Test.a(EN_B_PWM.o)
                                0x321 (size before relaxing)
 .debug_str     0x00000b8d       0x23 .\CortexM3\ARM_GCC_484\Debug\Test.a(Motor_A.o)
                                0x19a (size before relaxing)
 .debug_str     0x00000bb0       0x23 .\CortexM3\ARM_GCC_484\Debug\Test.a(Motor_B.o)
                                0x19a (size before relaxing)
 .debug_str     0x00000bd3      0x7f4 .\CortexM3\ARM_GCC_484\Debug\Test.a(CyLib.o)
                                0xa08 (size before relaxing)
 .debug_str     0x000013c7      0x35b .\CortexM3\ARM_GCC_484\Debug\Test.a(cyPm.o)
                                0x700 (size before relaxing)
 .debug_str     0x00001722      0x12f .\CortexM3\ARM_GCC_484\Debug\Test.a(Servo_B.o)
                                0x2f2 (size before relaxing)
 .debug_str     0x00001851      0x123 .\CortexM3\ARM_GCC_484\Debug\Test.a(Servo_A.o)
                                0x2f2 (size before relaxing)
 .debug_str     0x00001974       0xdb .\CortexM3\ARM_GCC_484\Debug\Test.a(I2C.o)
                                0x2c7 (size before relaxing)
 .debug_str     0x00001a4f       0x88 .\CortexM3\ARM_GCC_484\Debug\Test.a(I2C_INT.o)
                                0x238 (size before relaxing)
 .debug_str     0x00001ad7       0x58 .\CortexM3\ARM_GCC_484\Debug\Test.a(I2C_PM.o)
                                0x256 (size before relaxing)
 .debug_str     0x00001b2f      0x10e .\CortexM3\ARM_GCC_484\Debug\Test.a(I2C_MASTER.o)
                                0x37d (size before relaxing)
 .debug_str     0x00001c3d      0x2cf .\CortexM3\ARM_GCC_484\Debug\Test.a(UART.o)
                                0x52a (size before relaxing)
 .debug_str     0x00001f0c       0x55 .\CortexM3\ARM_GCC_484\Debug\Test.a(UART_INT.o)
                                0x224 (size before relaxing)
 .debug_str     0x00001f61      0x185 .\CortexM3\ARM_GCC_484\Debug\Test.a(UART_IntClock.o)
                                0x31b (size before relaxing)
 .debug_str     0x000020e6      0x197 .\CortexM3\ARM_GCC_484\Debug\Test.a(CyFlash.o)
                                0x37a (size before relaxing)
 .debug_str     0x0000227d       0xae .\CortexM3\ARM_GCC_484\Debug\Test.a(CySpc.o)
                                0x303 (size before relaxing)

.debug_loc      0x00000000     0x2b1d
 *(.debug_loc)
 .debug_loc     0x00000000      0x1a0 .\CortexM3\ARM_GCC_484\Debug\main.o
 .debug_loc     0x000001a0      0x206 .\CortexM3\ARM_GCC_484\Debug\motordriver.o
 .debug_loc     0x000003a6       0xca .\CortexM3\ARM_GCC_484\Debug\Servo_Driver.o
 .debug_loc     0x00000470      0x15c .\CortexM3\ARM_GCC_484\Debug\HMC5883L.o
 .debug_loc     0x000005cc      0x14f .\CortexM3\ARM_GCC_484\Debug\Cm3Start.o
 .debug_loc     0x0000071b      0x2a3 .\CortexM3\ARM_GCC_484\Debug\Test.a(cyfitter_cfg.o)
 .debug_loc     0x000009be       0x13 .\CortexM3\ARM_GCC_484\Debug\Test.a(EN_A_PWM.o)
 .debug_loc     0x000009d1       0x13 .\CortexM3\ARM_GCC_484\Debug\Test.a(EN_B_PWM.o)
 .debug_loc     0x000009e4      0xa53 .\CortexM3\ARM_GCC_484\Debug\Test.a(CyLib.o)
 .debug_loc     0x00001437      0x22a .\CortexM3\ARM_GCC_484\Debug\Test.a(cyPm.o)
 .debug_loc     0x00001661       0x13 .\CortexM3\ARM_GCC_484\Debug\Test.a(Servo_B.o)
 .debug_loc     0x00001674       0x13 .\CortexM3\ARM_GCC_484\Debug\Test.a(Servo_A.o)
 .debug_loc     0x00001687       0x39 .\CortexM3\ARM_GCC_484\Debug\Test.a(I2C.o)
 .debug_loc     0x000016c0       0x29 .\CortexM3\ARM_GCC_484\Debug\Test.a(I2C_INT.o)
 .debug_loc     0x000016e9       0x13 .\CortexM3\ARM_GCC_484\Debug\Test.a(I2C_PM.o)
 .debug_loc     0x000016fc      0x566 .\CortexM3\ARM_GCC_484\Debug\Test.a(I2C_MASTER.o)
 .debug_loc     0x00001c62      0x36b .\CortexM3\ARM_GCC_484\Debug\Test.a(UART.o)
 .debug_loc     0x00001fcd       0x51 .\CortexM3\ARM_GCC_484\Debug\Test.a(UART_INT.o)
 .debug_loc     0x0000201e      0x15c .\CortexM3\ARM_GCC_484\Debug\Test.a(UART_IntClock.o)
 .debug_loc     0x0000217a      0x321 .\CortexM3\ARM_GCC_484\Debug\Test.a(CyFlash.o)
 .debug_loc     0x0000249b      0x682 .\CortexM3\ARM_GCC_484\Debug\Test.a(CySpc.o)

.debug_macinfo
 *(.debug_macinfo)

.debug_ranges   0x00000000      0x9e0
 *(.debug_ranges)
 .debug_ranges  0x00000000       0x40 .\CortexM3\ARM_GCC_484\Debug\main.o
 .debug_ranges  0x00000040       0x50 .\CortexM3\ARM_GCC_484\Debug\motordriver.o
 .debug_ranges  0x00000090       0x28 .\CortexM3\ARM_GCC_484\Debug\Servo_Driver.o
 .debug_ranges  0x000000b8       0x50 .\CortexM3\ARM_GCC_484\Debug\HMC5883L.o
 .debug_ranges  0x00000108       0x50 .\CortexM3\ARM_GCC_484\Debug\Cm3Start.o
 .debug_ranges  0x00000158       0x60 .\CortexM3\ARM_GCC_484\Debug\Test.a(cyfitter_cfg.o)
 .debug_ranges  0x000001b8       0x78 .\CortexM3\ARM_GCC_484\Debug\Test.a(EN_A_PWM.o)
 .debug_ranges  0x00000230       0x78 .\CortexM3\ARM_GCC_484\Debug\Test.a(EN_B_PWM.o)
 .debug_ranges  0x000002a8       0x18 .\CortexM3\ARM_GCC_484\Debug\Test.a(Motor_A.o)
 .debug_ranges  0x000002c0       0x18 .\CortexM3\ARM_GCC_484\Debug\Test.a(Motor_B.o)
 .debug_ranges  0x000002d8      0x288 .\CortexM3\ARM_GCC_484\Debug\Test.a(CyLib.o)
 .debug_ranges  0x00000560       0x88 .\CortexM3\ARM_GCC_484\Debug\Test.a(cyPm.o)
 .debug_ranges  0x000005e8       0x80 .\CortexM3\ARM_GCC_484\Debug\Test.a(Servo_B.o)
 .debug_ranges  0x00000668       0x80 .\CortexM3\ARM_GCC_484\Debug\Test.a(Servo_A.o)
 .debug_ranges  0x000006e8       0x28 .\CortexM3\ARM_GCC_484\Debug\Test.a(I2C.o)
 .debug_ranges  0x00000710       0x10 .\CortexM3\ARM_GCC_484\Debug\Test.a(I2C_INT.o)
 .debug_ranges  0x00000720       0x28 .\CortexM3\ARM_GCC_484\Debug\Test.a(I2C_PM.o)
 .debug_ranges  0x00000748       0x70 .\CortexM3\ARM_GCC_484\Debug\Test.a(I2C_MASTER.o)
 .debug_ranges  0x000007b8       0xe0 .\CortexM3\ARM_GCC_484\Debug\Test.a(UART.o)
 .debug_ranges  0x00000898       0x10 .\CortexM3\ARM_GCC_484\Debug\Test.a(UART_INT.o)
 .debug_ranges  0x000008a8       0x60 .\CortexM3\ARM_GCC_484\Debug\Test.a(UART_IntClock.o)
 .debug_ranges  0x00000908       0x70 .\CortexM3\ARM_GCC_484\Debug\Test.a(CyFlash.o)
 .debug_ranges  0x00000978       0x68 .\CortexM3\ARM_GCC_484\Debug\Test.a(CySpc.o)

.comment        0x00000000       0x70
 .comment       0x00000000       0x70 .\CortexM3\ARM_GCC_484\Debug\main.o
                                 0x71 (size before relaxing)
 .comment       0x00000000       0x71 .\CortexM3\ARM_GCC_484\Debug\motordriver.o
 .comment       0x00000000       0x71 .\CortexM3\ARM_GCC_484\Debug\Servo_Driver.o
 .comment       0x00000000       0x71 .\CortexM3\ARM_GCC_484\Debug\HMC5883L.o
 .comment       0x00000000       0x71 .\CortexM3\ARM_GCC_484\Debug\cymetadata.o
 .comment       0x00000000       0x71 .\CortexM3\ARM_GCC_484\Debug\Cm3Start.o
 .comment       0x00000000       0x71 .\CortexM3\ARM_GCC_484\Debug\Test.a(cyfitter_cfg.o)
 .comment       0x00000000       0x71 .\CortexM3\ARM_GCC_484\Debug\Test.a(EN_A_PWM.o)
 .comment       0x00000000       0x71 .\CortexM3\ARM_GCC_484\Debug\Test.a(EN_B_PWM.o)
 .comment       0x00000000       0x71 .\CortexM3\ARM_GCC_484\Debug\Test.a(Motor_A.o)
 .comment       0x00000000       0x71 .\CortexM3\ARM_GCC_484\Debug\Test.a(Motor_B.o)
 .comment       0x00000000       0x71 .\CortexM3\ARM_GCC_484\Debug\Test.a(CyLib.o)
 .comment       0x00000000       0x71 .\CortexM3\ARM_GCC_484\Debug\Test.a(cyPm.o)
 .comment       0x00000000       0x71 .\CortexM3\ARM_GCC_484\Debug\Test.a(Servo_B.o)
 .comment       0x00000000       0x71 .\CortexM3\ARM_GCC_484\Debug\Test.a(Servo_A.o)
 .comment       0x00000000       0x71 .\CortexM3\ARM_GCC_484\Debug\Test.a(I2C.o)
 .comment       0x00000000       0x71 .\CortexM3\ARM_GCC_484\Debug\Test.a(I2C_INT.o)
 .comment       0x00000000       0x71 .\CortexM3\ARM_GCC_484\Debug\Test.a(I2C_PM.o)
 .comment       0x00000000       0x71 .\CortexM3\ARM_GCC_484\Debug\Test.a(I2C_MASTER.o)
 .comment       0x00000000       0x71 .\CortexM3\ARM_GCC_484\Debug\Test.a(UART.o)
 .comment       0x00000000       0x71 .\CortexM3\ARM_GCC_484\Debug\Test.a(UART_INT.o)
 .comment       0x00000000       0x71 .\CortexM3\ARM_GCC_484\Debug\Test.a(UART_IntClock.o)
 .comment       0x00000000       0x71 .\CortexM3\ARM_GCC_484\Debug\Test.a(CyFlash.o)
 .comment       0x00000000       0x71 .\CortexM3\ARM_GCC_484\Debug\Test.a(CySpc.o)

.debug_weaknames
 *(.debug_weaknames)

.debug_funcnames
 *(.debug_funcnames)

.debug_typenames
 *(.debug_typenames)

.debug_varnames
 *(.debug_varnames)

.note.gnu.arm.ident
 *(.note.gnu.arm.ident)

.ARM.attributes
                0x00000000       0x29
 *(.ARM.attributes)
 .ARM.attributes
                0x00000000       0x1d c:/program files (x86)/cypress/psoc creator/3.2/psoc creator/import/gnu/arm/4.8.4/bin/../lib/gcc/arm-none-eabi/4.8.4/armv7-m/crti.o
 .ARM.attributes
                0x0000001d       0x2d c:/program files (x86)/cypress/psoc creator/3.2/psoc creator/import/gnu/arm/4.8.4/bin/../lib/gcc/arm-none-eabi/4.8.4/armv7-m/crtbegin.o
 .ARM.attributes
                0x0000004a       0x1b c:/program files (x86)/cypress/psoc creator/3.2/psoc creator/import/gnu/arm/4.8.4/bin/../lib/gcc/arm-none-eabi/4.8.4/../../../../arm-none-eabi/lib/armv7-m/crt0.o
 .ARM.attributes
                0x00000065       0x33 .\CortexM3\ARM_GCC_484\Debug\main.o
 .ARM.attributes
                0x00000098       0x33 .\CortexM3\ARM_GCC_484\Debug\motordriver.o
 .ARM.attributes
                0x000000cb       0x33 .\CortexM3\ARM_GCC_484\Debug\Servo_Driver.o
 .ARM.attributes
                0x000000fe       0x33 .\CortexM3\ARM_GCC_484\Debug\HMC5883L.o
 .ARM.attributes
                0x00000131       0x33 .\CortexM3\ARM_GCC_484\Debug\cymetadata.o
 .ARM.attributes
                0x00000164       0x33 .\CortexM3\ARM_GCC_484\Debug\Cm3Start.o
 .ARM.attributes
                0x00000197       0x33 .\CortexM3\ARM_GCC_484\Debug\Test.a(cyfitter_cfg.o)
 .ARM.attributes
                0x000001ca       0x33 .\CortexM3\ARM_GCC_484\Debug\Test.a(EN_A_PWM.o)
 .ARM.attributes
                0x000001fd       0x33 .\CortexM3\ARM_GCC_484\Debug\Test.a(EN_B_PWM.o)
 .ARM.attributes
                0x00000230       0x33 .\CortexM3\ARM_GCC_484\Debug\Test.a(Motor_A.o)
 .ARM.attributes
                0x00000263       0x33 .\CortexM3\ARM_GCC_484\Debug\Test.a(Motor_B.o)
 .ARM.attributes
                0x00000296       0x21 .\CortexM3\ARM_GCC_484\Debug\Test.a(CyBootAsmGnu.o)
 .ARM.attributes
                0x000002b7       0x33 .\CortexM3\ARM_GCC_484\Debug\Test.a(CyLib.o)
 .ARM.attributes
                0x000002ea       0x33 .\CortexM3\ARM_GCC_484\Debug\Test.a(cyPm.o)
 .ARM.attributes
                0x0000031d       0x33 .\CortexM3\ARM_GCC_484\Debug\Test.a(Servo_B.o)
 .ARM.attributes
                0x00000350       0x33 .\CortexM3\ARM_GCC_484\Debug\Test.a(Servo_A.o)
 .ARM.attributes
                0x00000383       0x33 .\CortexM3\ARM_GCC_484\Debug\Test.a(I2C.o)
 .ARM.attributes
                0x000003b6       0x33 .\CortexM3\ARM_GCC_484\Debug\Test.a(I2C_INT.o)
 .ARM.attributes
                0x000003e9       0x33 .\CortexM3\ARM_GCC_484\Debug\Test.a(I2C_PM.o)
 .ARM.attributes
                0x0000041c       0x33 .\CortexM3\ARM_GCC_484\Debug\Test.a(I2C_MASTER.o)
 .ARM.attributes
                0x0000044f       0x33 .\CortexM3\ARM_GCC_484\Debug\Test.a(UART.o)
 .ARM.attributes
                0x00000482       0x33 .\CortexM3\ARM_GCC_484\Debug\Test.a(UART_INT.o)
 .ARM.attributes
                0x000004b5       0x33 .\CortexM3\ARM_GCC_484\Debug\Test.a(UART_IntClock.o)
 .ARM.attributes
                0x000004e8       0x33 .\CortexM3\ARM_GCC_484\Debug\Test.a(CyFlash.o)
 .ARM.attributes
                0x0000051b       0x33 .\CortexM3\ARM_GCC_484\Debug\Test.a(CySpc.o)
 .ARM.attributes
                0x0000054e       0x2d c:/program files (x86)/cypress/psoc creator/3.2/psoc creator/import/gnu/arm/4.8.4/bin/../lib/gcc/arm-none-eabi/4.8.4/../../../../arm-none-eabi/lib/armv7-m\libm.a(lib_a-w_atan2.o)
 .ARM.attributes
                0x0000057b       0x2d c:/program files (x86)/cypress/psoc creator/3.2/psoc creator/import/gnu/arm/4.8.4/bin/../lib/gcc/arm-none-eabi/4.8.4/../../../../arm-none-eabi/lib/armv7-m\libm.a(lib_a-e_atan2.o)
 .ARM.attributes
                0x000005a8       0x2d c:/program files (x86)/cypress/psoc creator/3.2/psoc creator/import/gnu/arm/4.8.4/bin/../lib/gcc/arm-none-eabi/4.8.4/../../../../arm-none-eabi/lib/armv7-m\libm.a(lib_a-s_atan.o)
 .ARM.attributes
                0x000005d5       0x2d c:/program files (x86)/cypress/psoc creator/3.2/psoc creator/import/gnu/arm/4.8.4/bin/../lib/gcc/arm-none-eabi/4.8.4/../../../../arm-none-eabi/lib/armv7-m\libm.a(lib_a-s_fabs.o)
 .ARM.attributes
                0x00000602       0x1d c:/program files (x86)/cypress/psoc creator/3.2/psoc creator/import/gnu/arm/4.8.4/bin/../lib/gcc/arm-none-eabi/4.8.4/armv7-m\libgcc.a(_arm_addsubdf3.o)
 .ARM.attributes
                0x0000061f       0x1d c:/program files (x86)/cypress/psoc creator/3.2/psoc creator/import/gnu/arm/4.8.4/bin/../lib/gcc/arm-none-eabi/4.8.4/armv7-m\libgcc.a(_arm_muldivdf3.o)
 .ARM.attributes
                0x0000063c       0x1d c:/program files (x86)/cypress/psoc creator/3.2/psoc creator/import/gnu/arm/4.8.4/bin/../lib/gcc/arm-none-eabi/4.8.4/armv7-m\libgcc.a(_arm_cmpdf2.o)
 .ARM.attributes
                0x00000659       0x1d c:/program files (x86)/cypress/psoc creator/3.2/psoc creator/import/gnu/arm/4.8.4/bin/../lib/gcc/arm-none-eabi/4.8.4/armv7-m\libgcc.a(_arm_fixdfsi.o)
 .ARM.attributes
                0x00000676       0x1d c:/program files (x86)/cypress/psoc creator/3.2/psoc creator/import/gnu/arm/4.8.4/bin/../lib/gcc/arm-none-eabi/4.8.4/armv7-m\libgcc.a(_arm_fixunsdfsi.o)
 .ARM.attributes
                0x00000693       0x1d c:/program files (x86)/cypress/psoc creator/3.2/psoc creator/import/gnu/arm/4.8.4/bin/../lib/gcc/arm-none-eabi/4.8.4/armv7-m\libgcc.a(_arm_truncdfsf2.o)
 .ARM.attributes
                0x000006b0       0x1d c:/program files (x86)/cypress/psoc creator/3.2/psoc creator/import/gnu/arm/4.8.4/bin/../lib/gcc/arm-none-eabi/4.8.4/armv7-m\libgcc.a(_arm_cmpsf2.o)
 .ARM.attributes
                0x000006cd       0x2d c:/program files (x86)/cypress/psoc creator/3.2/psoc creator/import/gnu/arm/4.8.4/bin/../lib/gcc/arm-none-eabi/4.8.4/../../../../arm-none-eabi/lib/armv7-m\libg_s.a(lib_a-errno.o)
 .ARM.attributes
                0x000006fa       0x2d c:/program files (x86)/cypress/psoc creator/3.2/psoc creator/import/gnu/arm/4.8.4/bin/../lib/gcc/arm-none-eabi/4.8.4/../../../../arm-none-eabi/lib/armv7-m\libg_s.a(lib_a-exit.o)
 .ARM.attributes
                0x00000727       0x2d c:/program files (x86)/cypress/psoc creator/3.2/psoc creator/import/gnu/arm/4.8.4/bin/../lib/gcc/arm-none-eabi/4.8.4/../../../../arm-none-eabi/lib/armv7-m\libg_s.a(lib_a-impure.o)
 .ARM.attributes
                0x00000754       0x2d c:/program files (x86)/cypress/psoc creator/3.2/psoc creator/import/gnu/arm/4.8.4/bin/../lib/gcc/arm-none-eabi/4.8.4/../../../../arm-none-eabi/lib/armv7-m\libg_s.a(lib_a-init.o)
 .ARM.attributes
                0x00000781       0x2d c:/program files (x86)/cypress/psoc creator/3.2/psoc creator/import/gnu/arm/4.8.4/bin/../lib/gcc/arm-none-eabi/4.8.4/../../../../arm-none-eabi/lib/armv7-m\libg_s.a(lib_a-memcpy-stub.o)
 .ARM.attributes
                0x000007ae       0x2d c:/program files (x86)/cypress/psoc creator/3.2/psoc creator/import/gnu/arm/4.8.4/bin/../lib/gcc/arm-none-eabi/4.8.4/../../../../arm-none-eabi/lib/armv7-m\libg_s.a(lib_a-memset.o)
 .ARM.attributes
                0x000007db       0x2d c:/program files (x86)/cypress/psoc creator/3.2/psoc creator/import/gnu/arm/4.8.4/bin/../lib/gcc/arm-none-eabi/4.8.4/../../../../arm-none-eabi/lib/armv7-m\libg_s.a(lib_a-sprintf.o)
 .ARM.attributes
                0x00000808       0x2d c:/program files (x86)/cypress/psoc creator/3.2/psoc creator/import/gnu/arm/4.8.4/bin/../lib/gcc/arm-none-eabi/4.8.4/../../../../arm-none-eabi/lib/armv7-m\libg_s.a(lib_a-svfprintf.o)
 .ARM.attributes
                0x00000835       0x2d c:/program files (x86)/cypress/psoc creator/3.2/psoc creator/import/gnu/arm/4.8.4/bin/../lib/gcc/arm-none-eabi/4.8.4/../../../../arm-none-eabi/lib/armv7-m\libg_s.a(lib_a-vfprintf_i.o)
 .ARM.attributes
                0x00000862       0x2d c:/program files (x86)/cypress/psoc creator/3.2/psoc creator/import/gnu/arm/4.8.4/bin/../lib/gcc/arm-none-eabi/4.8.4/../../../../arm-none-eabi/lib/armv7-m\libg_s.a(lib_a-memchr-stub.o)
 .ARM.attributes
                0x0000088f       0x2d c:/program files (x86)/cypress/psoc creator/3.2/psoc creator/import/gnu/arm/4.8.4/bin/../lib/gcc/arm-none-eabi/4.8.4/../../../../arm-none-eabi/lib/armv7-m\libg_s.a(lib_a-memmove.o)
 .ARM.attributes
                0x000008bc       0x2d c:/program files (x86)/cypress/psoc creator/3.2/psoc creator/import/gnu/arm/4.8.4/bin/../lib/gcc/arm-none-eabi/4.8.4/../../../../arm-none-eabi/lib/armv7-m\libg_s.a(lib_a-nano-freer.o)
 .ARM.attributes
                0x000008e9       0x2d c:/program files (x86)/cypress/psoc creator/3.2/psoc creator/import/gnu/arm/4.8.4/bin/../lib/gcc/arm-none-eabi/4.8.4/../../../../arm-none-eabi/lib/armv7-m\libg_s.a(lib_a-nano-mallocr.o)
 .ARM.attributes
                0x00000916       0x2d c:/program files (x86)/cypress/psoc creator/3.2/psoc creator/import/gnu/arm/4.8.4/bin/../lib/gcc/arm-none-eabi/4.8.4/../../../../arm-none-eabi/lib/armv7-m\libg_s.a(lib_a-nano-reallocr.o)
 .ARM.attributes
                0x00000943       0x2d c:/program files (x86)/cypress/psoc creator/3.2/psoc creator/import/gnu/arm/4.8.4/bin/../lib/gcc/arm-none-eabi/4.8.4/../../../../arm-none-eabi/lib/armv7-m\libg_s.a(lib_a-sbrkr.o)
 .ARM.attributes
                0x00000970       0x2d c:/program files (x86)/cypress/psoc creator/3.2/psoc creator/import/gnu/arm/4.8.4/bin/../lib/gcc/arm-none-eabi/4.8.4/../../../../arm-none-eabi/lib/armv7-m\libg_s.a(lib_a-strlen.o)
 .ARM.attributes
                0x0000099d       0x2d c:/program files (x86)/cypress/psoc creator/3.2/psoc creator/import/gnu/arm/4.8.4/bin/../lib/gcc/arm-none-eabi/4.8.4/../../../../arm-none-eabi/lib/armv7-m\libg_s.a(lib_a-nano-msizer.o)
 .ARM.attributes
                0x000009ca       0x2d c:/program files (x86)/cypress/psoc creator/3.2/psoc creator/import/gnu/arm/4.8.4/bin/../lib/gcc/arm-none-eabi/4.8.4/../../../../arm-none-eabi/lib/armv7-m\libg_s.a(lib_a-reent.o)
 .ARM.attributes
                0x000009f7       0x2d c:/program files (x86)/cypress/psoc creator/3.2/psoc creator/import/gnu/arm/4.8.4/bin/../lib/gcc/arm-none-eabi/4.8.4/armv7-m/crtend.o
 .ARM.attributes
                0x00000a24       0x1d c:/program files (x86)/cypress/psoc creator/3.2/psoc creator/import/gnu/arm/4.8.4/bin/../lib/gcc/arm-none-eabi/4.8.4/armv7-m/crtn.o

/DISCARD/
 *(.note.GNU-stack)
OUTPUT(.\CortexM3\ARM_GCC_484\Debug\Test.elf elf32-littlearm)
